[2026-06-21 11:36:41.578] [info] [bpf_tracer.cpp:215] /a exists
[2026-06-21 11:36:41.578] [info] [bpftime_config.cpp:47] Setting BPFTIME_SHM_MEMORY_MB to: 256
[2026-06-21 11:36:41.632] [info] [bpftime_shm_internal.cpp:854] Global shm constructed. shm_open_type 0 for bpftime_maps_shm_otel_bench_full_1_1098688
[2026-06-21 11:36:41.632] [info] [bpftime_shm_internal.cpp:44] Global shm initialized
[2026-06-21 11:36:41.632] [info] [bpftime_config.cpp:47] Setting BPFTIME_SHM_MEMORY_MB to: 256
[2026-06-21 11:36:43.606] [info] [handle_bpf_event.cpp:382] IOCTL    1098879 otelcol-ebpf-pr  fd:9 req:-2146950137 data:7251896
[2026-06-21 11:36:43.606] [info] [handle_bpf_event.cpp:382] IOCTL    1098879 otelcol-ebpf-pr  fd:9 req:1074013192 data:67
[2026-06-21 11:36:43.606] [info] [handle_bpf_event.cpp:397] Setting bpf for perf event 9 and bpf 67 (id: 2760)
[2026-06-21 11:36:43.606] [info] [handle_bpf_event.cpp:382] IOCTL    1098879 otelcol-ebpf-pr  fd:32 req:-2146950137 data:7251896
[2026-06-21 11:36:43.606] [info] [handle_bpf_event.cpp:382] IOCTL    1098879 otelcol-ebpf-pr  fd:32 req:1074013192 data:67
[2026-06-21 11:36:43.606] [info] [handle_bpf_event.cpp:397] Setting bpf for perf event 32 and bpf 67 (id: 2760)
[2026-06-21 11:36:43.623] [info] [handle_bpf_event.cpp:311] PERF     1098879 otelcol-ebpf-pr  type:PERF_TYPE_UPROBE ret:100

[2026-06-21 11:36:43.623] [info] [perf_event_handler.cpp:177] Created uprobe/uretprobe perf event handler, module name /lib/x86_64-linux-gnu/libc.so.6, offset ad670
[2026-06-21 11:36:43.623] [info] [bpftime_driver.cpp:316] create uprobe 0 for pid 1098879 fd 100
[2026-06-21 11:36:43.623] [info] [handle_bpf_event.cpp:237] BPF      1098879 otelcol-ebpf-pr  cmd:BPF_LINK_CREATE  ret:101
[2026-06-21 11:36:43.623] [info] [handle_bpf_event.cpp:259]    BPF_LINK_CREATE prog_fd:77 target_fd:100 cookie:true
[2026-06-21 11:36:43.623] [info] [bpftime_driver.cpp:192] create prog 2773, fd 46 in shm success
[2026-06-21 11:36:43.623] [info] [bpftime_driver.cpp:129] find 11 related maps for prog fd 46
[2026-06-21 11:36:43.623] [info] [bpftime_driver.cpp:243] create map in kernel id 1401
[2026-06-21 11:36:43.623] [info] [bpftime_driver.cpp:243] create map in kernel id 1440
[2026-06-21 11:36:43.623] [info] [bpftime_driver.cpp:243] create map in kernel id 1436
[2026-06-21 11:36:43.623] [info] [bpftime_driver.cpp:243] create map in kernel id 1439
[2026-06-21 11:36:43.623] [info] [bpftime_driver.cpp:243] create map in kernel id 1435
[2026-06-21 11:36:43.623] [info] [bpftime_driver.cpp:243] create map in kernel id 1399
[2026-06-21 11:36:43.623] [info] [bpftime_driver.cpp:243] create map in kernel id 1431
[2026-06-21 11:36:43.623] [info] [bpftime_driver.cpp:243] create map in kernel id 1423
[2026-06-21 11:36:43.623] [info] [bpftime_driver.cpp:243] create map in kernel id 1408
[2026-06-21 11:36:43.623] [info] [bpftime_driver.cpp:243] create map in kernel id 1434
[2026-06-21 11:36:43.631] [info] [bpftime_driver.cpp:243] create map in kernel id 1428
[2026-06-21 11:36:43.631] [info] [bpftime_driver.cpp:293] attach perf 0 to bpf 2773, for pid 1098879, cookie true
[2026-06-21 11:36:43.631] [info] [handle_bpf_event.cpp:311] PERF     1098879 otelcol-ebpf-pr  type:PERF_TYPE_UPROBE ret:102

[2026-06-21 11:36:43.631] [info] [perf_event_handler.cpp:177] Created uprobe/uretprobe perf event handler, module name /lib/x86_64-linux-gnu/libc.so.6, offset add50
[2026-06-21 11:36:43.631] [info] [bpftime_driver.cpp:316] create uprobe 1 for pid 1098879 fd 102
[2026-06-21 11:36:43.631] [info] [handle_bpf_event.cpp:237] BPF      1098879 otelcol-ebpf-pr  cmd:BPF_LINK_CREATE  ret:103
[2026-06-21 11:36:43.631] [info] [handle_bpf_event.cpp:259]    BPF_LINK_CREATE prog_fd:77 target_fd:102 cookie:true
[2026-06-21 11:36:43.631] [info] [bpftime_driver.cpp:274] bpf 2773 already exists in shm
[2026-06-21 11:36:43.631] [info] [bpftime_driver.cpp:293] attach perf 1 to bpf 2773, for pid 1098879, cookie true
[2026-06-21 11:36:43.631] [info] [handle_bpf_event.cpp:382] IOCTL    1098879 otelcol-ebpf-pr  fd:9 req:9216 data:0
[2026-06-21 11:36:43.631] [info] [handle_bpf_event.cpp:385] Enabling perf event 9
[2026-06-21 11:36:43.631] [info] [handle_bpf_event.cpp:382] IOCTL    1098879 otelcol-ebpf-pr  fd:32 req:9216 data:0
[2026-06-21 11:36:43.631] [info] [handle_bpf_event.cpp:385] Enabling perf event 32
[2026-06-21 11:36:43.631] [info] [handle_bpf_event.cpp:237] BPF      1098879 otelcol-ebpf-pr  cmd:BPF_LINK_CREATE  ret:105
[2026-06-21 11:36:43.631] [info] [handle_bpf_event.cpp:259]    BPF_LINK_CREATE prog_fd:66 target_fd:104 cookie:true
[2026-06-21 11:36:54.143] [info] [handle_bpf_event.cpp:382] IOCTL    1098879 otelcol-ebpf-pr  fd:9 req:9217 data:0
[2026-06-21 11:36:54.143] [info] [handle_bpf_event.cpp:391] Disabling perf event 9
[2026-06-21 11:36:54.143] [info] [handle_bpf_event.cpp:382] IOCTL    1098879 otelcol-ebpf-pr  fd:32 req:9217 data:0
[2026-06-21 11:36:54.143] [info] [handle_bpf_event.cpp:391] Disabling perf event 32
[2026-06-21 11:36:54.173] [info] [handle_bpf_event.cpp:218] CLOSE    1098879 otelcol-ebpf-pr  fd:100
[2026-06-21 11:36:54.173] [info] [bpftime_driver.cpp:367] close id 0 for pid 1098879 fd 100
[2026-06-21 11:36:54.292] [info] [handle_bpf_event.cpp:218] CLOSE    1098879 otelcol-ebpf-pr  fd:102
[2026-06-21 11:36:54.292] [info] [bpftime_driver.cpp:367] close id 1 for pid 1098879 fd 102
