[2026-06-21 11:28:39.064] [info] [bpf_tracer.cpp:215] /a exists
[2026-06-21 11:28:39.064] [info] [bpftime_config.cpp:47] Setting BPFTIME_SHM_MEMORY_MB to: 256
[2026-06-21 11:28:39.115] [info] [bpftime_shm_internal.cpp:852] Global shm constructed. shm_open_type 0 for bpftime_maps_shm_otel_bench_minimal_1_1079355
[2026-06-21 11:28:39.115] [info] [bpftime_shm_internal.cpp:44] Global shm initialized
[2026-06-21 11:28:39.115] [info] [bpftime_config.cpp:47] Setting BPFTIME_SHM_MEMORY_MB to: 256
[2026-06-21 11:28:40.308] [info] [handle_bpf_event.cpp:311] PERF     1079454 otel_malloc_fre  type:PERF_TYPE_UPROBE ret:3

[2026-06-21 11:28:40.308] [info] [perf_event_handler.cpp:177] Created uprobe/uretprobe perf event handler, module name /lib/x86_64-linux-gnu/libc.so.6, offset ad670
[2026-06-21 11:28:40.308] [info] [bpftime_driver.cpp:315] create uprobe 0 for pid 1079454 fd 3
[2026-06-21 11:28:40.308] [info] [handle_bpf_event.cpp:237] BPF      1079454 otel_malloc_fre  cmd:BPF_LINK_CREATE  ret:9
[2026-06-21 11:28:40.308] [info] [handle_bpf_event.cpp:259]    BPF_LINK_CREATE prog_fd:8 target_fd:3 cookie:true
[2026-06-21 11:28:40.308] [info] [bpftime_driver.cpp:192] create prog 2468, fd 46 in shm success
[2026-06-21 11:28:40.308] [info] [bpftime_driver.cpp:129] find 1 related maps for prog fd 46
[2026-06-21 11:28:40.308] [info] [bpftime_driver.cpp:243] create map in kernel id 665
[2026-06-21 11:28:40.308] [info] [bpftime_driver.cpp:292] attach perf 0 to bpf 2468, for pid 1079454, cookie true
[2026-06-21 11:28:40.308] [info] [handle_bpf_event.cpp:311] PERF     1079454 otel_malloc_fre  type:PERF_TYPE_UPROBE ret:10

[2026-06-21 11:28:40.308] [info] [perf_event_handler.cpp:177] Created uprobe/uretprobe perf event handler, module name /lib/x86_64-linux-gnu/libc.so.6, offset add50
[2026-06-21 11:28:40.308] [info] [bpftime_driver.cpp:315] create uprobe 1 for pid 1079454 fd 10
[2026-06-21 11:28:40.308] [info] [handle_bpf_event.cpp:237] BPF      1079454 otel_malloc_fre  cmd:BPF_LINK_CREATE  ret:11
[2026-06-21 11:28:40.308] [info] [handle_bpf_event.cpp:259]    BPF_LINK_CREATE prog_fd:8 target_fd:10 cookie:true
[2026-06-21 11:28:40.308] [info] [bpftime_driver.cpp:273] bpf 2468 already exists in shm
[2026-06-21 11:28:40.308] [info] [bpftime_driver.cpp:292] attach perf 1 to bpf 2468, for pid 1079454, cookie true
[2026-06-21 11:28:41.592] [info] [handle_bpf_event.cpp:218] CLOSE    1079454 otel_malloc_fre  fd:10
[2026-06-21 11:28:41.592] [info] [bpftime_driver.cpp:365] close id 1 for pid 1079454 fd 10
[2026-06-21 11:28:41.684] [info] [handle_bpf_event.cpp:218] CLOSE    1079454 otel_malloc_fre  fd:3
[2026-06-21 11:28:41.684] [info] [bpftime_driver.cpp:365] close id 0 for pid 1079454 fd 3
