[2026-06-21 13:49:31.035] [info] [bpf_tracer.cpp:215] /a exists
[2026-06-21 13:49:31.035] [info] [bpftime_config.cpp:47] Setting BPFTIME_SHM_MEMORY_MB to: 256
[2026-06-21 13:49:31.035] [debug] [bpftime_shm_internal.cpp:710] start: bpftime_shm for server setup for memory size 256
[2026-06-21 13:49:31.036] [debug] [bpftime_shm_internal.cpp:715] done: bpftime_shm for server setup: remove installed segment
[2026-06-21 13:49:31.084] [debug] [bpftime_shm_internal.cpp:721] done: bpftime_shm for server setup: segment
[2026-06-21 13:49:31.085] [debug] [bpftime_shm_internal.cpp:726] done: bpftime_shm for server setup: manager
[2026-06-21 13:49:31.085] [debug] [bpftime_shm_internal.cpp:733] done: bpftime_shm for server setup: syscall_pid_set
[2026-06-21 13:49:31.085] [debug] [bpftime_shm_internal.cpp:738] done: bpftime_shm for server setup: agent_config
[2026-06-21 13:49:31.085] [debug] [bpftime_shm_internal.cpp:748] done: bpftime_shm for server setup.
[2026-06-21 13:49:31.086] [debug] [bpftime_shm_internal.cpp:789] Constructed CommSharedMem in shared memory at 0x75b1d68fc7d8
[2026-06-21 13:49:31.086] [info] [bpftime_shm_internal.cpp:854] Global shm constructed. shm_open_type 0 for bpftime_maps_shm_otel_bench_minimal_1_1236542
[2026-06-21 13:49:31.086] [info] [bpftime_shm_internal.cpp:44] Global shm initialized
[2026-06-21 13:49:31.086] [info] [bpftime_config.cpp:47] Setting BPFTIME_SHM_MEMORY_MB to: 256
[2026-06-21 13:49:31.086] [debug] [bpf_tracer.cpp:80] libbpf: object 'bpf_tracer_bpf': failed (-95) to create BPF token from '/sys/fs/bpf', skipping optional step...
[2026-06-21 13:49:31.096] [debug] [bpf_tracer.cpp:80] libbpf: loaded kernel BTF from '/sys/kernel/btf/vmlinux'
[2026-06-21 13:49:31.096] [debug] [bpf_tracer.cpp:80] libbpf: sec 'kprobe/security_bpf_map': found 2 CO-RE relocations
[2026-06-21 13:49:31.096] [debug] [bpf_tracer.cpp:80] libbpf: CO-RE relocating [120] struct pt_regs: found target candidate [185] struct pt_regs in [vmlinux]
[2026-06-21 13:49:31.097] [debug] [bpf_tracer.cpp:80] libbpf: prog 'security_bpf_map_enter': relo #0: <byte_off> [120] struct pt_regs.di (0:14 @ offset 112)
[2026-06-21 13:49:31.097] [debug] [bpf_tracer.cpp:80] libbpf: prog 'security_bpf_map_enter': relo #0: matching candidate #0 <byte_off> [185] struct pt_regs.di (0:14 @ offset 112)
[2026-06-21 13:49:31.097] [debug] [bpf_tracer.cpp:80] libbpf: prog 'security_bpf_map_enter': relo #0: patched insn #0 (LDX/ST/STX) off 112 -> 112
[2026-06-21 13:49:31.097] [debug] [bpf_tracer.cpp:80] libbpf: CO-RE relocating [123] struct bpf_map: found target candidate [2126] struct bpf_map in [vmlinux]
[2026-06-21 13:49:31.098] [debug] [bpf_tracer.cpp:80] libbpf: prog 'security_bpf_map_enter': relo #1: <byte_off> [123] struct bpf_map.id (0:9 @ offset 52)
[2026-06-21 13:49:31.098] [debug] [bpf_tracer.cpp:80] libbpf: prog 'security_bpf_map_enter': relo #1: matching candidate #0 <byte_off> [2126] struct bpf_map.id (0:9 @ offset 52)
[2026-06-21 13:49:31.098] [debug] [bpf_tracer.cpp:80] libbpf: prog 'security_bpf_map_enter': relo #1: patched insn #3 (ALU/ALU64) imm 52 -> 52
[2026-06-21 13:49:31.098] [debug] [bpf_tracer.cpp:80] libbpf: sec 'kprobe/bpf_prog_kallsyms_add': found 3 CO-RE relocations
[2026-06-21 13:49:31.098] [debug] [bpf_tracer.cpp:80] libbpf: prog 'bpf_prog_kallsyms_add_enter': relo #0: <byte_off> [120] struct pt_regs.di (0:14 @ offset 112)
[2026-06-21 13:49:31.098] [debug] [bpf_tracer.cpp:80] libbpf: prog 'bpf_prog_kallsyms_add_enter': relo #0: matching candidate #0 <byte_off> [185] struct pt_regs.di (0:14 @ offset 112)
[2026-06-21 13:49:31.098] [debug] [bpf_tracer.cpp:80] libbpf: prog 'bpf_prog_kallsyms_add_enter': relo #0: patched insn #0 (LDX/ST/STX) off 112 -> 112
[2026-06-21 13:49:31.098] [debug] [bpf_tracer.cpp:80] libbpf: CO-RE relocating [185] struct bpf_prog: found target candidate [2042] struct bpf_prog in [vmlinux]
[2026-06-21 13:49:31.098] [debug] [bpf_tracer.cpp:80] libbpf: prog 'bpf_prog_kallsyms_add_enter': relo #1: <byte_off> [185] struct bpf_prog.aux (0:23 @ offset 56)
[2026-06-21 13:49:31.098] [debug] [bpf_tracer.cpp:80] libbpf: prog 'bpf_prog_kallsyms_add_enter': relo #1: matching candidate #0 <byte_off> [2042] struct bpf_prog.aux (0:24 @ offset 56)
[2026-06-21 13:49:31.098] [debug] [bpf_tracer.cpp:80] libbpf: prog 'bpf_prog_kallsyms_add_enter': relo #1: patched insn #3 (ALU/ALU64) imm 56 -> 56
[2026-06-21 13:49:31.098] [debug] [bpf_tracer.cpp:80] libbpf: CO-RE relocating [209] struct bpf_prog_aux: found target candidate [2173] struct bpf_prog_aux in [vmlinux]
[2026-06-21 13:49:31.099] [debug] [bpf_tracer.cpp:80] libbpf: prog 'bpf_prog_kallsyms_add_enter': relo #2: <byte_off> [209] struct bpf_prog_aux.id (0:7 @ offset 32)
[2026-06-21 13:49:31.099] [debug] [bpf_tracer.cpp:80] libbpf: prog 'bpf_prog_kallsyms_add_enter': relo #2: matching candidate #0 <byte_off> [2173] struct bpf_prog_aux.id (0:7 @ offset 32)
[2026-06-21 13:49:31.099] [debug] [bpf_tracer.cpp:80] libbpf: prog 'bpf_prog_kallsyms_add_enter': relo #2: patched insn #10 (ALU/ALU64) imm 32 -> 32
[2026-06-21 13:49:31.099] [debug] [bpf_tracer.cpp:80] libbpf: sec 'tracepoint/syscalls/sys_enter_open': found 2 CO-RE relocations
[2026-06-21 13:49:31.099] [debug] [bpf_tracer.cpp:80] libbpf: sec 'tracepoint/syscalls/sys_enter_openat': found 2 CO-RE relocations
[2026-06-21 13:49:31.099] [debug] [bpf_tracer.cpp:80] libbpf: sec 'tracepoint/syscalls/sys_exit_open': found 1 CO-RE relocations
[2026-06-21 13:49:31.099] [debug] [bpf_tracer.cpp:80] libbpf: sec 'tracepoint/syscalls/sys_exit_openat': found 1 CO-RE relocations
[2026-06-21 13:49:31.099] [debug] [bpf_tracer.cpp:80] libbpf: sec 'tracepoint/syscalls/sys_enter_bpf': found 21 CO-RE relocations
[2026-06-21 13:49:31.100] [debug] [bpf_tracer.cpp:80] libbpf: CO-RE relocating [244] struct trace_event_raw_sys_enter: found target candidate [12041] struct trace_event_raw_sys_enter in [vmlinux]
[2026-06-21 13:49:31.100] [debug] [bpf_tracer.cpp:80] libbpf: prog 'tracepoint__syscalls__sys_enter_bpf': relo #0: <byte_off> [244] struct trace_event_raw_sys_enter.args[0] (0:2:0 @ offset 16)
[2026-06-21 13:49:31.100] [debug] [bpf_tracer.cpp:80] libbpf: prog 'tracepoint__syscalls__sys_enter_bpf': relo #0: matching candidate #0 <byte_off> [12041] struct trace_event_raw_sys_enter.args[0] (0:2:0 @ offset 16)
[2026-06-21 13:49:31.100] [debug] [bpf_tracer.cpp:80] libbpf: prog 'tracepoint__syscalls__sys_enter_bpf': relo #0: patched insn #47 (LDX/ST/STX) off 16 -> 16
[2026-06-21 13:49:31.100] [debug] [bpf_tracer.cpp:80] libbpf: prog 'tracepoint__syscalls__sys_enter_bpf': relo #1: <byte_off> [244] struct trace_event_raw_sys_enter.args[1] (0:2:1 @ offset 24)
[2026-06-21 13:49:31.100] [debug] [bpf_tracer.cpp:80] libbpf: prog 'tracepoint__syscalls__sys_enter_bpf': relo #1: matching candidate #0 <byte_off> [12041] struct trace_event_raw_sys_enter.args[1] (0:2:1 @ offset 24)
[2026-06-21 13:49:31.100] [debug] [bpf_tracer.cpp:80] libbpf: prog 'tracepoint__syscalls__sys_enter_bpf': relo #1: patched insn #49 (LDX/ST/STX) off 24 -> 24
[2026-06-21 13:49:31.100] [debug] [bpf_tracer.cpp:80] libbpf: prog 'tracepoint__syscalls__sys_enter_bpf': relo #2: <byte_off> [244] struct trace_event_raw_sys_enter.args[2] (0:2:2 @ offset 32)
[2026-06-21 13:49:31.100] [debug] [bpf_tracer.cpp:80] libbpf: prog 'tracepoint__syscalls__sys_enter_bpf': relo #2: matching candidate #0 <byte_off> [12041] struct trace_event_raw_sys_enter.args[2] (0:2:2 @ offset 32)
[2026-06-21 13:49:31.100] [debug] [bpf_tracer.cpp:80] libbpf: prog 'tracepoint__syscalls__sys_enter_bpf': relo #2: patched insn #54 (LDX/ST/STX) off 32 -> 32
[2026-06-21 13:49:31.100] [debug] [bpf_tracer.cpp:80] libbpf: prog 'tracepoint__syscalls__sys_enter_bpf': relo #3: <byte_off> [244] struct trace_event_raw_sys_enter.args[1] (0:2:1 @ offset 24)
[2026-06-21 13:49:31.100] [debug] [bpf_tracer.cpp:80] libbpf: prog 'tracepoint__syscalls__sys_enter_bpf': relo #3: matching candidate #0 <byte_off> [12041] struct trace_event_raw_sys_enter.args[1] (0:2:1 @ offset 24)
[2026-06-21 13:49:31.100] [debug] [bpf_tracer.cpp:80] libbpf: prog 'tracepoint__syscalls__sys_enter_bpf': relo #3: patched insn #66 (LDX/ST/STX) off 24 -> 24
[2026-06-21 13:49:31.100] [debug] [bpf_tracer.cpp:80] libbpf: prog 'tracepoint__syscalls__sys_enter_bpf': relo #4: <byte_off> [244] struct trace_event_raw_sys_enter.args[0] (0:2:0 @ offset 16)
[2026-06-21 13:49:31.100] [debug] [bpf_tracer.cpp:80] libbpf: prog 'tracepoint__syscalls__sys_enter_bpf': relo #4: matching candidate #0 <byte_off> [12041] struct trace_event_raw_sys_enter.args[0] (0:2:0 @ offset 16)
[2026-06-21 13:49:31.100] [debug] [bpf_tracer.cpp:80] libbpf: prog 'tracepoint__syscalls__sys_enter_bpf': relo #4: patched insn #68 (LDX/ST/STX) off 16 -> 16
[2026-06-21 13:49:31.100] [debug] [bpf_tracer.cpp:80] libbpf: CO-RE relocating [21] union bpf_attr: found target candidate [2006] union bpf_attr in [vmlinux]
[2026-06-21 13:49:31.101] [debug] [bpf_tracer.cpp:80] libbpf: prog 'tracepoint__syscalls__sys_enter_bpf': relo #5: <byte_off> [21] union bpf_attr.insn_cnt (0:3:1 @ offset 4)
[2026-06-21 13:49:31.101] [debug] [bpf_tracer.cpp:80] libbpf: prog 'tracepoint__syscalls__sys_enter_bpf': relo #5: matching candidate #0 <byte_off> [2006] union bpf_attr.insn_cnt (0:3:1 @ offset 4)
[2026-06-21 13:49:31.101] [debug] [bpf_tracer.cpp:80] libbpf: prog 'tracepoint__syscalls__sys_enter_bpf': relo #5: patched insn #96 (ALU/ALU64) imm 4 -> 4
[2026-06-21 13:49:31.101] [debug] [bpf_tracer.cpp:80] libbpf: prog 'tracepoint__syscalls__sys_enter_bpf': relo #6: <byte_off> [21] union bpf_attr.insns (0:3:2 @ offset 8)
[2026-06-21 13:49:31.101] [debug] [bpf_tracer.cpp:80] libbpf: prog 'tracepoint__syscalls__sys_enter_bpf': relo #6: matching candidate #0 <byte_off> [2006] union bpf_attr.insns (0:3:2 @ offset 8)
[2026-06-21 13:49:31.101] [debug] [bpf_tracer.cpp:80] libbpf: prog 'tracepoint__syscalls__sys_enter_bpf': relo #6: patched insn #103 (ALU/ALU64) imm 8 -> 8
[2026-06-21 13:49:31.101] [debug] [bpf_tracer.cpp:80] libbpf: prog 'tracepoint__syscalls__sys_enter_bpf': relo #7: <byte_off> [21] union bpf_attr.prog_type (0:3:0 @ offset 0)
[2026-06-21 13:49:31.101] [debug] [bpf_tracer.cpp:80] libbpf: prog 'tracepoint__syscalls__sys_enter_bpf': relo #7: matching candidate #0 <byte_off> [2006] union bpf_attr.prog_type (0:3:0 @ offset 0)
[2026-06-21 13:49:31.101] [debug] [bpf_tracer.cpp:80] libbpf: prog 'tracepoint__syscalls__sys_enter_bpf': relo #7: patched insn #162 (ALU/ALU64) imm 0 -> 0
[2026-06-21 13:49:31.101] [debug] [bpf_tracer.cpp:80] libbpf: prog 'tracepoint__syscalls__sys_enter_bpf': relo #8: <byte_off> [21] union bpf_attr.prog_name (0:3:9 @ offset 48)
[2026-06-21 13:49:31.101] [debug] [bpf_tracer.cpp:80] libbpf: prog 'tracepoint__syscalls__sys_enter_bpf': relo #8: matching candidate #0 <byte_off> [2006] union bpf_attr.prog_name (0:3:9 @ offset 48)
[2026-06-21 13:49:31.101] [debug] [bpf_tracer.cpp:80] libbpf: prog 'tracepoint__syscalls__sys_enter_bpf': relo #8: patched insn #172 (ALU/ALU64) imm 48 -> 48
[2026-06-21 13:49:31.101] [debug] [bpf_tracer.cpp:80] libbpf: prog 'tracepoint__syscalls__sys_enter_bpf': relo #9: <byte_off> [21] union bpf_attr.prog_name (0:3:9 @ offset 48)
[2026-06-21 13:49:31.101] [debug] [bpf_tracer.cpp:80] libbpf: prog 'tracepoint__syscalls__sys_enter_bpf': relo #9: matching candidate #0 <byte_off> [2006] union bpf_attr.prog_name (0:3:9 @ offset 48)
[2026-06-21 13:49:31.101] [debug] [bpf_tracer.cpp:80] libbpf: prog 'tracepoint__syscalls__sys_enter_bpf': relo #9: patched insn #177 (LDX/ST/STX) off 48 -> 48
[2026-06-21 13:49:31.101] [debug] [bpf_tracer.cpp:80] libbpf: prog 'tracepoint__syscalls__sys_enter_bpf': relo #10: <byte_off> [21] union bpf_attr.insn_cnt (0:3:1 @ offset 4)
[2026-06-21 13:49:31.101] [debug] [bpf_tracer.cpp:80] libbpf: prog 'tracepoint__syscalls__sys_enter_bpf': relo #10: matching candidate #0 <byte_off> [2006] union bpf_attr.insn_cnt (0:3:1 @ offset 4)
[2026-06-21 13:49:31.101] [debug] [bpf_tracer.cpp:80] libbpf: prog 'tracepoint__syscalls__sys_enter_bpf': relo #10: patched insn #186 (LDX/ST/STX) off 4 -> 4
[2026-06-21 13:49:31.101] [debug] [bpf_tracer.cpp:80] libbpf: prog 'tracepoint__syscalls__sys_enter_bpf': relo #11: <byte_off> [21] union bpf_attr.prog_type (0:3:0 @ offset 0)
[2026-06-21 13:49:31.101] [debug] [bpf_tracer.cpp:80] libbpf: prog 'tracepoint__syscalls__sys_enter_bpf': relo #11: matching candidate #0 <byte_off> [2006] union bpf_attr.prog_type (0:3:0 @ offset 0)
[2026-06-21 13:49:31.101] [debug] [bpf_tracer.cpp:80] libbpf: prog 'tracepoint__syscalls__sys_enter_bpf': relo #11: patched insn #195 (LDX/ST/STX) off 0 -> 0
[2026-06-21 13:49:31.101] [debug] [bpf_tracer.cpp:80] libbpf: prog 'tracepoint__syscalls__sys_enter_bpf': relo #12: <byte_off> [21] union bpf_attr.prog_type (0:3:0 @ offset 0)
[2026-06-21 13:49:31.101] [debug] [bpf_tracer.cpp:80] libbpf: prog 'tracepoint__syscalls__sys_enter_bpf': relo #12: matching candidate #0 <byte_off> [2006] union bpf_attr.prog_type (0:3:0 @ offset 0)
[2026-06-21 13:49:31.101] [debug] [bpf_tracer.cpp:80] libbpf: prog 'tracepoint__syscalls__sys_enter_bpf': relo #12: patched insn #197 (LDX/ST/STX) off 0 -> 0
[2026-06-21 13:49:31.101] [debug] [bpf_tracer.cpp:80] libbpf: prog 'tracepoint__syscalls__sys_enter_bpf': relo #13: <byte_off> [21] union bpf_attr.insn_cnt (0:3:1 @ offset 4)
[2026-06-21 13:49:31.101] [debug] [bpf_tracer.cpp:80] libbpf: prog 'tracepoint__syscalls__sys_enter_bpf': relo #13: matching candidate #0 <byte_off> [2006] union bpf_attr.insn_cnt (0:3:1 @ offset 4)
[2026-06-21 13:49:31.101] [debug] [bpf_tracer.cpp:80] libbpf: prog 'tracepoint__syscalls__sys_enter_bpf': relo #13: patched insn #204 (LDX/ST/STX) off 4 -> 4
[2026-06-21 13:49:31.101] [debug] [bpf_tracer.cpp:80] libbpf: prog 'tracepoint__syscalls__sys_enter_bpf': relo #14: <byte_off> [21] union bpf_attr.func_info_rec_size (0:3:13 @ offset 76)
[2026-06-21 13:49:31.101] [debug] [bpf_tracer.cpp:80] libbpf: prog 'tracepoint__syscalls__sys_enter_bpf': relo #14: matching candidate #0 <byte_off> [2006] union bpf_attr.func_info_rec_size (0:3:13 @ offset 76)
[2026-06-21 13:49:31.101] [debug] [bpf_tracer.cpp:80] libbpf: prog 'tracepoint__syscalls__sys_enter_bpf': relo #14: patched insn #208 (LDX/ST/STX) off 76 -> 76
[2026-06-21 13:49:31.101] [debug] [bpf_tracer.cpp:80] libbpf: prog 'tracepoint__syscalls__sys_enter_bpf': relo #15: <byte_off> [21] union bpf_attr.func_info (0:3:14 @ offset 80)
[2026-06-21 13:49:31.101] [debug] [bpf_tracer.cpp:80] libbpf: prog 'tracepoint__syscalls__sys_enter_bpf': relo #15: matching candidate #0 <byte_off> [2006] union bpf_attr.func_info (0:3:14 @ offset 80)
[2026-06-21 13:49:31.101] [debug] [bpf_tracer.cpp:80] libbpf: prog 'tracepoint__syscalls__sys_enter_bpf': relo #15: patched insn #209 (LDX/ST/STX) off 80 -> 80
[2026-06-21 13:49:31.101] [debug] [bpf_tracer.cpp:80] libbpf: prog 'tracepoint__syscalls__sys_enter_bpf': relo #16: <byte_off> [21] union bpf_attr.func_info_cnt (0:3:15 @ offset 88)
[2026-06-21 13:49:31.101] [debug] [bpf_tracer.cpp:80] libbpf: prog 'tracepoint__syscalls__sys_enter_bpf': relo #16: matching candidate #0 <byte_off> [2006] union bpf_attr.func_info_cnt (0:3:15 @ offset 88)
[2026-06-21 13:49:31.101] [debug] [bpf_tracer.cpp:80] libbpf: prog 'tracepoint__syscalls__sys_enter_bpf': relo #16: patched insn #210 (LDX/ST/STX) off 88 -> 88
[2026-06-21 13:49:31.101] [debug] [bpf_tracer.cpp:80] libbpf: prog 'tracepoint__syscalls__sys_enter_bpf': relo #17: <byte_off> [21] union bpf_attr.line_info_rec_size (0:3:16 @ offset 92)
[2026-06-21 13:49:31.101] [debug] [bpf_tracer.cpp:80] libbpf: prog 'tracepoint__syscalls__sys_enter_bpf': relo #17: matching candidate #0 <byte_off> [2006] union bpf_attr.line_info_rec_size (0:3:16 @ offset 92)
[2026-06-21 13:49:31.101] [debug] [bpf_tracer.cpp:80] libbpf: prog 'tracepoint__syscalls__sys_enter_bpf': relo #17: patched insn #211 (LDX/ST/STX) off 92 -> 92
[2026-06-21 13:49:31.101] [debug] [bpf_tracer.cpp:80] libbpf: prog 'tracepoint__syscalls__sys_enter_bpf': relo #18: <byte_off> [21] union bpf_attr.line_info (0:3:17 @ offset 96)
[2026-06-21 13:49:31.101] [debug] [bpf_tracer.cpp:80] libbpf: prog 'tracepoint__syscalls__sys_enter_bpf': relo #18: matching candidate #0 <byte_off> [2006] union bpf_attr.line_info (0:3:17 @ offset 96)
[2026-06-21 13:49:31.101] [debug] [bpf_tracer.cpp:80] libbpf: prog 'tracepoint__syscalls__sys_enter_bpf': relo #18: patched insn #212 (LDX/ST/STX) off 96 -> 96
[2026-06-21 13:49:31.101] [debug] [bpf_tracer.cpp:80] libbpf: prog 'tracepoint__syscalls__sys_enter_bpf': relo #19: <byte_off> [21] union bpf_attr.line_info_cnt (0:3:18 @ offset 104)
[2026-06-21 13:49:31.101] [debug] [bpf_tracer.cpp:80] libbpf: prog 'tracepoint__syscalls__sys_enter_bpf': relo #19: matching candidate #0 <byte_off> [2006] union bpf_attr.line_info_cnt (0:3:18 @ offset 104)
[2026-06-21 13:49:31.101] [debug] [bpf_tracer.cpp:80] libbpf: prog 'tracepoint__syscalls__sys_enter_bpf': relo #19: patched insn #213 (LDX/ST/STX) off 104 -> 104
[2026-06-21 13:49:31.101] [debug] [bpf_tracer.cpp:80] libbpf: prog 'tracepoint__syscalls__sys_enter_bpf': relo #20: <byte_off> [21] union bpf_attr.insn_cnt (0:3:1 @ offset 4)
[2026-06-21 13:49:31.101] [debug] [bpf_tracer.cpp:80] libbpf: prog 'tracepoint__syscalls__sys_enter_bpf': relo #20: matching candidate #0 <byte_off> [2006] union bpf_attr.insn_cnt (0:3:1 @ offset 4)
[2026-06-21 13:49:31.101] [debug] [bpf_tracer.cpp:80] libbpf: prog 'tracepoint__syscalls__sys_enter_bpf': relo #20: patched insn #227 (LDX/ST/STX) off 4 -> 4
[2026-06-21 13:49:31.101] [debug] [bpf_tracer.cpp:80] libbpf: sec 'tracepoint/syscalls/sys_exit_bpf': found 1 CO-RE relocations
[2026-06-21 13:49:31.101] [debug] [bpf_tracer.cpp:80] libbpf: CO-RE relocating [254] struct trace_event_raw_sys_exit: found target candidate [12042] struct trace_event_raw_sys_exit in [vmlinux]
[2026-06-21 13:49:31.101] [debug] [bpf_tracer.cpp:80] libbpf: prog 'tracepoint__syscalls__sys_exit_bpf': relo #0: <byte_off> [254] struct trace_event_raw_sys_exit.ret (0:2 @ offset 16)
[2026-06-21 13:49:31.101] [debug] [bpf_tracer.cpp:80] libbpf: prog 'tracepoint__syscalls__sys_exit_bpf': relo #0: matching candidate #0 <byte_off> [12042] struct trace_event_raw_sys_exit.ret (0:2 @ offset 16)
[2026-06-21 13:49:31.101] [debug] [bpf_tracer.cpp:80] libbpf: prog 'tracepoint__syscalls__sys_exit_bpf': relo #0: patched insn #28 (LDX/ST/STX) off 16 -> 16
[2026-06-21 13:49:31.101] [debug] [bpf_tracer.cpp:80] libbpf: sec 'tracepoint/syscalls/sys_enter_perf_event_open': found 14 CO-RE relocations
[2026-06-21 13:49:31.101] [debug] [bpf_tracer.cpp:80] libbpf: prog 'tracepoint__syscalls__sys_enter_perf_event_open': relo #0: <byte_off> [244] struct trace_event_raw_sys_enter.args[0] (0:2:0 @ offset 16)
[2026-06-21 13:49:31.101] [debug] [bpf_tracer.cpp:80] libbpf: prog 'tracepoint__syscalls__sys_enter_perf_event_open': relo #0: matching candidate #0 <byte_off> [12041] struct trace_event_raw_sys_enter.args[0] (0:2:0 @ offset 16)
[2026-06-21 13:49:31.101] [debug] [bpf_tracer.cpp:80] libbpf: prog 'tracepoint__syscalls__sys_enter_perf_event_open': relo #0: patched insn #74 (LDX/ST/STX) off 16 -> 16
[2026-06-21 13:49:31.101] [debug] [bpf_tracer.cpp:80] libbpf: prog 'tracepoint__syscalls__sys_enter_perf_event_open': relo #1: <byte_off> [244] struct trace_event_raw_sys_enter.args[1] (0:2:1 @ offset 24)
[2026-06-21 13:49:31.101] [debug] [bpf_tracer.cpp:80] libbpf: prog 'tracepoint__syscalls__sys_enter_perf_event_open': relo #1: matching candidate #0 <byte_off> [12041] struct trace_event_raw_sys_enter.args[1] (0:2:1 @ offset 24)
[2026-06-21 13:49:31.101] [debug] [bpf_tracer.cpp:80] libbpf: prog 'tracepoint__syscalls__sys_enter_perf_event_open': relo #1: patched insn #80 (LDX/ST/STX) off 24 -> 24
[2026-06-21 13:49:31.101] [debug] [bpf_tracer.cpp:80] libbpf: prog 'tracepoint__syscalls__sys_enter_perf_event_open': relo #2: <byte_off> [244] struct trace_event_raw_sys_enter.args[2] (0:2:2 @ offset 32)
[2026-06-21 13:49:31.101] [debug] [bpf_tracer.cpp:80] libbpf: prog 'tracepoint__syscalls__sys_enter_perf_event_open': relo #2: matching candidate #0 <byte_off> [12041] struct trace_event_raw_sys_enter.args[2] (0:2:2 @ offset 32)
[2026-06-21 13:49:31.101] [debug] [bpf_tracer.cpp:80] libbpf: prog 'tracepoint__syscalls__sys_enter_perf_event_open': relo #2: patched insn #82 (LDX/ST/STX) off 32 -> 32
[2026-06-21 13:49:31.101] [debug] [bpf_tracer.cpp:80] libbpf: prog 'tracepoint__syscalls__sys_enter_perf_event_open': relo #3: <byte_off> [244] struct trace_event_raw_sys_enter.args[0] (0:2:0 @ offset 16)
[2026-06-21 13:49:31.102] [debug] [bpf_tracer.cpp:80] libbpf: prog 'tracepoint__syscalls__sys_enter_perf_event_open': relo #3: matching candidate #0 <byte_off> [12041] struct trace_event_raw_sys_enter.args[0] (0:2:0 @ offset 16)
[2026-06-21 13:49:31.102] [debug] [bpf_tracer.cpp:80] libbpf: prog 'tracepoint__syscalls__sys_enter_perf_event_open': relo #3: patched insn #84 (LDX/ST/STX) off 16 -> 16
[2026-06-21 13:49:31.102] [debug] [bpf_tracer.cpp:80] libbpf: CO-RE relocating [58] struct perf_event_attr: found target candidate [1837] struct perf_event_attr in [vmlinux]
[2026-06-21 13:49:31.102] [debug] [bpf_tracer.cpp:80] libbpf: prog 'tracepoint__syscalls__sys_enter_perf_event_open': relo #4: <byte_off> [58] struct perf_event_attr.uprobe_path (0:46:2 @ offset 56)
[2026-06-21 13:49:31.102] [debug] [bpf_tracer.cpp:80] libbpf: prog 'tracepoint__syscalls__sys_enter_perf_event_open': relo #4: matching candidate #0 <byte_off> [1837] struct perf_event_attr.uprobe_path (0:46:2 @ offset 56)
[2026-06-21 13:49:31.102] [debug] [bpf_tracer.cpp:80] libbpf: prog 'tracepoint__syscalls__sys_enter_perf_event_open': relo #4: patched insn #86 (LDX/ST/STX) off 56 -> 56
[2026-06-21 13:49:31.102] [debug] [bpf_tracer.cpp:80] libbpf: prog 'tracepoint__syscalls__sys_enter_perf_event_open': relo #5: <byte_off> [58] struct perf_event_attr.uprobe_path (0:46:2 @ offset 56)
[2026-06-21 13:49:31.102] [debug] [bpf_tracer.cpp:80] libbpf: prog 'tracepoint__syscalls__sys_enter_perf_event_open': relo #5: matching candidate #0 <byte_off> [1837] struct perf_event_attr.uprobe_path (0:46:2 @ offset 56)
[2026-06-21 13:49:31.102] [debug] [bpf_tracer.cpp:80] libbpf: prog 'tracepoint__syscalls__sys_enter_perf_event_open': relo #5: patched insn #88 (LDX/ST/STX) off 56 -> 56
[2026-06-21 13:49:31.102] [debug] [bpf_tracer.cpp:80] libbpf: prog 'tracepoint__syscalls__sys_enter_perf_event_open': relo #6: <byte_off> [58] struct perf_event_attr.probe_offset (0:47:2 @ offset 64)
[2026-06-21 13:49:31.102] [debug] [bpf_tracer.cpp:80] libbpf: prog 'tracepoint__syscalls__sys_enter_perf_event_open': relo #6: matching candidate #0 <byte_off> [1837] struct perf_event_attr.probe_offset (0:47:2 @ offset 64)
[2026-06-21 13:49:31.102] [debug] [bpf_tracer.cpp:80] libbpf: prog 'tracepoint__syscalls__sys_enter_perf_event_open': relo #6: patched insn #94 (LDX/ST/STX) off 64 -> 64
[2026-06-21 13:49:31.102] [debug] [bpf_tracer.cpp:80] libbpf: prog 'tracepoint__syscalls__sys_enter_perf_event_open': relo #7: <byte_off> [244] struct trace_event_raw_sys_enter.args[0] (0:2:0 @ offset 16)
[2026-06-21 13:49:31.102] [debug] [bpf_tracer.cpp:80] libbpf: prog 'tracepoint__syscalls__sys_enter_perf_event_open': relo #7: matching candidate #0 <byte_off> [12041] struct trace_event_raw_sys_enter.args[0] (0:2:0 @ offset 16)
[2026-06-21 13:49:31.102] [debug] [bpf_tracer.cpp:80] libbpf: prog 'tracepoint__syscalls__sys_enter_perf_event_open': relo #7: patched insn #103 (LDX/ST/STX) off 16 -> 16
[2026-06-21 13:49:31.102] [debug] [bpf_tracer.cpp:80] libbpf: prog 'tracepoint__syscalls__sys_enter_perf_event_open': relo #8: <byte_off> [58] struct perf_event_attr.type (0:0 @ offset 0)
[2026-06-21 13:49:31.102] [debug] [bpf_tracer.cpp:80] libbpf: prog 'tracepoint__syscalls__sys_enter_perf_event_open': relo #8: matching candidate #0 <byte_off> [1837] struct perf_event_attr.type (0:0 @ offset 0)
[2026-06-21 13:49:31.102] [debug] [bpf_tracer.cpp:80] libbpf: prog 'tracepoint__syscalls__sys_enter_perf_event_open': relo #8: patched insn #112 (LDX/ST/STX) off 0 -> 0
[2026-06-21 13:49:31.102] [debug] [bpf_tracer.cpp:80] libbpf: prog 'tracepoint__syscalls__sys_enter_perf_event_open': relo #9: <byte_off> [58] struct perf_event_attr.probe_offset (0:47:2 @ offset 64)
[2026-06-21 13:49:31.102] [debug] [bpf_tracer.cpp:80] libbpf: prog 'tracepoint__syscalls__sys_enter_perf_event_open': relo #9: matching candidate #0 <byte_off> [1837] struct perf_event_attr.probe_offset (0:47:2 @ offset 64)
[2026-06-21 13:49:31.102] [debug] [bpf_tracer.cpp:80] libbpf: prog 'tracepoint__syscalls__sys_enter_perf_event_open': relo #9: patched insn #124 (LDX/ST/STX) off 64 -> 64
[2026-06-21 13:49:31.102] [debug] [bpf_tracer.cpp:80] libbpf: prog 'tracepoint__syscalls__sys_enter_perf_event_open': relo #10: <byte_off> [58] struct perf_event_attr.probe_offset (0:47:2 @ offset 64)
[2026-06-21 13:49:31.102] [debug] [bpf_tracer.cpp:80] libbpf: prog 'tracepoint__syscalls__sys_enter_perf_event_open': relo #10: matching candidate #0 <byte_off> [1837] struct perf_event_attr.probe_offset (0:47:2 @ offset 64)
[2026-06-21 13:49:31.102] [debug] [bpf_tracer.cpp:80] libbpf: prog 'tracepoint__syscalls__sys_enter_perf_event_open': relo #10: patched insn #154 (LDX/ST/STX) off 64 -> 64
[2026-06-21 13:49:31.102] [debug] [bpf_tracer.cpp:80] libbpf: prog 'tracepoint__syscalls__sys_enter_perf_event_open': relo #11: <byte_off> [58] struct perf_event_attr.probe_offset (0:47:2 @ offset 64)
[2026-06-21 13:49:31.102] [debug] [bpf_tracer.cpp:80] libbpf: prog 'tracepoint__syscalls__sys_enter_perf_event_open': relo #11: matching candidate #0 <byte_off> [1837] struct perf_event_attr.probe_offset (0:47:2 @ offset 64)
[2026-06-21 13:49:31.102] [debug] [bpf_tracer.cpp:80] libbpf: prog 'tracepoint__syscalls__sys_enter_perf_event_open': relo #11: patched insn #156 (LDX/ST/STX) off 64 -> 64
[2026-06-21 13:49:31.102] [debug] [bpf_tracer.cpp:80] libbpf: prog 'tracepoint__syscalls__sys_enter_perf_event_open': relo #12: <byte_off> [58] struct perf_event_attr.uprobe_path (0:46:2 @ offset 56)
[2026-06-21 13:49:31.102] [debug] [bpf_tracer.cpp:80] libbpf: prog 'tracepoint__syscalls__sys_enter_perf_event_open': relo #12: matching candidate #0 <byte_off> [1837] struct perf_event_attr.uprobe_path (0:46:2 @ offset 56)
[2026-06-21 13:49:31.102] [debug] [bpf_tracer.cpp:80] libbpf: prog 'tracepoint__syscalls__sys_enter_perf_event_open': relo #12: patched insn #157 (LDX/ST/STX) off 56 -> 56
[2026-06-21 13:49:31.102] [debug] [bpf_tracer.cpp:80] libbpf: prog 'tracepoint__syscalls__sys_enter_perf_event_open': relo #13: <byte_off> [58] struct perf_event_attr.uprobe_path (0:46:2 @ offset 56)
[2026-06-21 13:49:31.102] [debug] [bpf_tracer.cpp:80] libbpf: prog 'tracepoint__syscalls__sys_enter_perf_event_open': relo #13: matching candidate #0 <byte_off> [1837] struct perf_event_attr.uprobe_path (0:46:2 @ offset 56)
[2026-06-21 13:49:31.102] [debug] [bpf_tracer.cpp:80] libbpf: prog 'tracepoint__syscalls__sys_enter_perf_event_open': relo #13: patched insn #176 (LDX/ST/STX) off 56 -> 56
[2026-06-21 13:49:31.102] [debug] [bpf_tracer.cpp:80] libbpf: sec 'tracepoint/syscalls/sys_exit_perf_event_open': found 3 CO-RE relocations
[2026-06-21 13:49:31.102] [debug] [bpf_tracer.cpp:80] libbpf: prog 'tracepoint__syscalls__sys_exit_perf_event_open': relo #0: <byte_off> [254] struct trace_event_raw_sys_exit.ret (0:2 @ offset 16)
[2026-06-21 13:49:31.102] [debug] [bpf_tracer.cpp:80] libbpf: prog 'tracepoint__syscalls__sys_exit_perf_event_open': relo #0: matching candidate #0 <byte_off> [12042] struct trace_event_raw_sys_exit.ret (0:2 @ offset 16)
[2026-06-21 13:49:31.102] [debug] [bpf_tracer.cpp:80] libbpf: prog 'tracepoint__syscalls__sys_exit_perf_event_open': relo #0: patched insn #33 (LDX/ST/STX) off 16 -> 16
[2026-06-21 13:49:31.102] [debug] [bpf_tracer.cpp:80] libbpf: prog 'tracepoint__syscalls__sys_exit_perf_event_open': relo #1: <byte_off> [254] struct trace_event_raw_sys_exit.ret (0:2 @ offset 16)
[2026-06-21 13:49:31.102] [debug] [bpf_tracer.cpp:80] libbpf: prog 'tracepoint__syscalls__sys_exit_perf_event_open': relo #1: matching candidate #0 <byte_off> [12042] struct trace_event_raw_sys_exit.ret (0:2 @ offset 16)
[2026-06-21 13:49:31.102] [debug] [bpf_tracer.cpp:80] libbpf: prog 'tracepoint__syscalls__sys_exit_perf_event_open': relo #1: patched insn #75 (LDX/ST/STX) off 16 -> 16
[2026-06-21 13:49:31.102] [debug] [bpf_tracer.cpp:80] libbpf: prog 'tracepoint__syscalls__sys_exit_perf_event_open': relo #2: <byte_off> [58] struct perf_event_attr.probe_offset (0:47:2 @ offset 64)
[2026-06-21 13:49:31.102] [debug] [bpf_tracer.cpp:80] libbpf: prog 'tracepoint__syscalls__sys_exit_perf_event_open': relo #2: matching candidate #0 <byte_off> [1837] struct perf_event_attr.probe_offset (0:47:2 @ offset 64)
[2026-06-21 13:49:31.102] [debug] [bpf_tracer.cpp:80] libbpf: prog 'tracepoint__syscalls__sys_exit_perf_event_open': relo #2: patched insn #96 (ALU/ALU64) imm 64 -> 64
[2026-06-21 13:49:31.102] [debug] [bpf_tracer.cpp:80] libbpf: sec 'tracepoint/syscalls/sys_enter_close': found 1 CO-RE relocations
[2026-06-21 13:49:31.102] [debug] [bpf_tracer.cpp:80] libbpf: prog 'tracepoint__syscalls__sys_enter_close': relo #0: <byte_off> [244] struct trace_event_raw_sys_enter.args[0] (0:2:0 @ offset 16)
[2026-06-21 13:49:31.102] [debug] [bpf_tracer.cpp:80] libbpf: prog 'tracepoint__syscalls__sys_enter_close': relo #0: matching candidate #0 <byte_off> [12041] struct trace_event_raw_sys_enter.args[0] (0:2:0 @ offset 16)
[2026-06-21 13:49:31.102] [debug] [bpf_tracer.cpp:80] libbpf: prog 'tracepoint__syscalls__sys_enter_close': relo #0: patched insn #20 (LDX/ST/STX) off 16 -> 16
[2026-06-21 13:49:31.102] [debug] [bpf_tracer.cpp:80] libbpf: sec 'tracepoint/syscalls/sys_enter_ioctl': found 3 CO-RE relocations
[2026-06-21 13:49:31.102] [debug] [bpf_tracer.cpp:80] libbpf: prog 'tracepoint__syscalls__sys_enter_ioctl': relo #0: <byte_off> [244] struct trace_event_raw_sys_enter.args[0] (0:2:0 @ offset 16)
[2026-06-21 13:49:31.102] [debug] [bpf_tracer.cpp:80] libbpf: prog 'tracepoint__syscalls__sys_enter_ioctl': relo #0: matching candidate #0 <byte_off> [12041] struct trace_event_raw_sys_enter.args[0] (0:2:0 @ offset 16)
[2026-06-21 13:49:31.102] [debug] [bpf_tracer.cpp:80] libbpf: prog 'tracepoint__syscalls__sys_enter_ioctl': relo #0: patched insn #20 (LDX/ST/STX) off 16 -> 16
[2026-06-21 13:49:31.102] [debug] [bpf_tracer.cpp:80] libbpf: prog 'tracepoint__syscalls__sys_enter_ioctl': relo #1: <byte_off> [244] struct trace_event_raw_sys_enter.args[1] (0:2:1 @ offset 24)
[2026-06-21 13:49:31.102] [debug] [bpf_tracer.cpp:80] libbpf: prog 'tracepoint__syscalls__sys_enter_ioctl': relo #1: matching candidate #0 <byte_off> [12041] struct trace_event_raw_sys_enter.args[1] (0:2:1 @ offset 24)
[2026-06-21 13:49:31.102] [debug] [bpf_tracer.cpp:80] libbpf: prog 'tracepoint__syscalls__sys_enter_ioctl': relo #1: patched insn #40 (LDX/ST/STX) off 24 -> 24
[2026-06-21 13:49:31.102] [debug] [bpf_tracer.cpp:80] libbpf: prog 'tracepoint__syscalls__sys_enter_ioctl': relo #2: <byte_off> [244] struct trace_event_raw_sys_enter.args[2] (0:2:2 @ offset 32)
[2026-06-21 13:49:31.102] [debug] [bpf_tracer.cpp:80] libbpf: prog 'tracepoint__syscalls__sys_enter_ioctl': relo #2: matching candidate #0 <byte_off> [12041] struct trace_event_raw_sys_enter.args[2] (0:2:2 @ offset 32)
[2026-06-21 13:49:31.102] [debug] [bpf_tracer.cpp:80] libbpf: prog 'tracepoint__syscalls__sys_enter_ioctl': relo #2: patched insn #44 (LDX/ST/STX) off 32 -> 32
[2026-06-21 13:49:31.102] [debug] [bpf_tracer.cpp:80] libbpf: sec 'tracepoint/syscalls/sys_exit_ioctl': found 1 CO-RE relocations
[2026-06-21 13:49:31.102] [debug] [bpf_tracer.cpp:80] libbpf: prog 'tracepoint__syscalls__sys_exit_ioctl': relo #0: <byte_off> [254] struct trace_event_raw_sys_exit.ret (0:2 @ offset 16)
[2026-06-21 13:49:31.102] [debug] [bpf_tracer.cpp:80] libbpf: prog 'tracepoint__syscalls__sys_exit_ioctl': relo #0: matching candidate #0 <byte_off> [12042] struct trace_event_raw_sys_exit.ret (0:2 @ offset 16)
[2026-06-21 13:49:31.102] [debug] [bpf_tracer.cpp:80] libbpf: prog 'tracepoint__syscalls__sys_exit_ioctl': relo #0: patched insn #51 (LDX/ST/STX) off 16 -> 16
[2026-06-21 13:49:31.102] [debug] [bpf_tracer.cpp:80] libbpf: sec 'tp/sched/sched_process_exec': found 3 CO-RE relocations
[2026-06-21 13:49:31.103] [debug] [bpf_tracer.cpp:80] libbpf: map 'open_param_start': created successfully, fd=3
[2026-06-21 13:49:31.103] [debug] [bpf_tracer.cpp:80] libbpf: map 'bpf_param_start': created successfully, fd=4
[2026-06-21 13:49:31.105] [debug] [bpf_tracer.cpp:80] libbpf: map 'perf_event_open_param_start': created successfully, fd=5
[2026-06-21 13:49:31.105] [debug] [bpf_tracer.cpp:80] libbpf: map 'bpf_fd_map': created successfully, fd=6
[2026-06-21 13:49:31.105] [debug] [bpf_tracer.cpp:80] libbpf: map 'ioctl_param_start': created successfully, fd=7
[2026-06-21 13:49:31.105] [debug] [bpf_tracer.cpp:80] libbpf: map 'exec_start': created successfully, fd=8
[2026-06-21 13:49:31.105] [debug] [bpf_tracer.cpp:80] libbpf: map 'rb': created successfully, fd=9
[2026-06-21 13:49:31.106] [debug] [bpf_tracer.cpp:80] libbpf: map 'bpf_map_new_fd_args_map': created successfully, fd=10
[2026-06-21 13:49:31.144] [debug] [bpf_tracer.cpp:80] libbpf: map 'bpf_prog_insns_map': created successfully, fd=11
[2026-06-21 13:49:31.144] [debug] [bpf_tracer.cpp:80] libbpf: map 'bpf_progs_new_fd_args_map': created successfully, fd=12
[2026-06-21 13:49:31.144] [debug] [bpf_tracer.cpp:80] libbpf: map 'whitelist_hook_addr': created successfully, fd=13
[2026-06-21 13:49:31.144] [debug] [bpf_tracer.cpp:80] libbpf: map 'bpf_trac.rodata': created successfully, fd=14
[2026-06-21 13:49:31.144] [debug] [bpf_tracer.cpp:80] libbpf: map 'bpf_trac.bss': created successfully, fd=15
[2026-06-21 13:49:31.144] [debug] [bpf_tracer.cpp:80] libbpf: map '.rodata.cst16': created successfully, fd=16
[2026-06-21 13:49:31.145] [debug] [bpf_tracer.cpp:80] libbpf: prog 'tracepoint__syscalls__sys_enter_open': skipped loading
[2026-06-21 13:49:31.145] [debug] [bpf_tracer.cpp:80] libbpf: prog 'tracepoint__syscalls__sys_enter_openat': skipped loading
[2026-06-21 13:49:31.145] [debug] [bpf_tracer.cpp:80] libbpf: prog 'tracepoint__syscalls__sys_exit_open': skipped loading
[2026-06-21 13:49:31.145] [debug] [bpf_tracer.cpp:80] libbpf: prog 'tracepoint__syscalls__sys_exit_openat': skipped loading
[2026-06-21 13:49:31.145] [debug] [bpf_tracer.cpp:80] libbpf: prog 'handle_exec': skipped loading
[2026-06-21 13:49:31.145] [debug] [bpf_tracer.cpp:80] libbpf: prog 'handle_exit': skipped loading
[2026-06-21 13:49:32.299] [debug] [handle_bpf_event.cpp:409] handle_event
[2026-06-21 13:49:32.299] [debug] [handle_bpf_event.cpp:414] Received event with type 4
[2026-06-21 13:49:32.299] [debug] [handle_bpf_event.cpp:302] handle_perf_event
[2026-06-21 13:49:32.299] [info] [handle_bpf_event.cpp:311] PERF     1236666 otel_malloc_fre  type:PERF_TYPE_UPROBE ret:3

[2026-06-21 13:49:32.299] [debug] [handle_bpf_event.cpp:316] Handling perf event creating with perf type 9
[2026-06-21 13:49:32.299] [debug] [handle_bpf_event.cpp:325] retprobe false
[2026-06-21 13:49:32.299] [debug] [handle_bpf_event.cpp:333] Creating uprobe name /lib/x86_64-linux-gnu/libc.so.6 offset 710256 ref_ctr_off 0 attr->config=0
[2026-06-21 13:49:32.299] [debug] [bpftime_driver.cpp:25] find minimal unused id 0
[2026-06-21 13:49:32.299] [debug] [bpftime_shm_internal.cpp:212] Set fd 0 to uprobe, pid=-1, name=/lib/x86_64-linux-gnu/libc.so.6, offset=710256
[2026-06-21 13:49:32.299] [info] [perf_event_handler.cpp:177] Created uprobe/uretprobe perf event handler, module name /lib/x86_64-linux-gnu/libc.so.6, offset ad670
[2026-06-21 13:49:32.299] [debug] [handler_manager.cpp:71] Handler at fd 0 set to type 4
[2026-06-21 13:49:32.299] [info] [bpftime_driver.cpp:316] create uprobe 0 for pid 1236666 fd 3
[2026-06-21 13:49:32.299] [debug] [handle_bpf_event.cpp:409] handle_event
[2026-06-21 13:49:32.299] [debug] [handle_bpf_event.cpp:414] Received event with type 2
[2026-06-21 13:49:32.299] [info] [handle_bpf_event.cpp:237] BPF      1236666 otel_malloc_fre  cmd:BPF_LINK_CREATE  ret:9
[2026-06-21 13:49:32.299] [info] [handle_bpf_event.cpp:259]    BPF_LINK_CREATE prog_fd:8 target_fd:3 cookie:true
[2026-06-21 13:49:32.299] [debug] [bpftime_driver.cpp:166] get prog fd 46 for id 5603
[2026-06-21 13:49:32.299] [debug] [bpftime_driver.cpp:85] relocate bpf prog insns for id 5603, cnt 43
[2026-06-21 13:49:32.299] [debug] [bpftime_driver.cpp:111] relocate bpf prog insns for id 5603 in 0, call imm 174
[2026-06-21 13:49:32.299] [debug] [bpftime_driver.cpp:111] relocate bpf prog insns for id 5603 in 4, call imm 14
[2026-06-21 13:49:32.299] [debug] [bpftime_driver.cpp:103] relocate bpf prog insns for id 5603 in 12, lddw imm 7 to map id 5766
[2026-06-21 13:49:32.299] [debug] [bpftime_driver.cpp:111] relocate bpf prog insns for id 5603 in 14, call imm 1
[2026-06-21 13:49:32.299] [debug] [bpftime_driver.cpp:103] relocate bpf prog insns for id 5603 in 20, lddw imm 7 to map id 5766
[2026-06-21 13:49:32.299] [debug] [bpftime_driver.cpp:111] relocate bpf prog insns for id 5603 in 24, call imm 2
[2026-06-21 13:49:32.299] [debug] [bpftime_driver.cpp:103] relocate bpf prog insns for id 5603 in 25, lddw imm 7 to map id 5766
[2026-06-21 13:49:32.299] [debug] [bpftime_driver.cpp:111] relocate bpf prog insns for id 5603 in 28, call imm 1
[2026-06-21 13:49:32.299] [debug] [bpftime_driver.cpp:103] relocate bpf prog insns for id 5603 in 37, lddw imm 7 to map id 5766
[2026-06-21 13:49:32.299] [debug] [bpftime_driver.cpp:111] relocate bpf prog insns for id 5603 in 40, call imm 2
[2026-06-21 13:49:32.299] [debug] [bpftime_shm_internal.cpp:550] Set handler fd 5603 to bpf_prog_handler, name kprobe__generic, prog_type 2, insn_cnt 43
[2026-06-21 13:49:32.299] [debug] [handler_manager.cpp:71] Handler at fd 5603 set to type 3
[2026-06-21 13:49:32.299] [info] [bpftime_driver.cpp:192] create prog 5603, fd 46 in shm success
[2026-06-21 13:49:32.299] [info] [bpftime_driver.cpp:129] find 1 related maps for prog fd 46
[2026-06-21 13:49:32.299] [debug] [map_handler.hpp:94] Create map with type 1001
[2026-06-21 13:49:32.299] [debug] [handler_manager.cpp:71] Handler at fd 5766 set to type 1
[2026-06-21 13:49:32.299] [info] [bpftime_driver.cpp:243] create map in kernel id 5766
[2026-06-21 13:49:32.299] [debug] [bpftime_shm_internal.cpp:289] Try attaching prog fd 5603 to perf fd 0, with cookie = true
[2026-06-21 13:49:32.299] [debug] [bpftime_shm_internal.cpp:292] With cookie: 1
[2026-06-21 13:49:32.299] [debug] [handler_manager.cpp:71] Handler at fd 46 set to type 2
[2026-06-21 13:49:32.299] [info] [bpftime_driver.cpp:293] attach perf 0 to bpf 5603, for pid 1236666, cookie true
[2026-06-21 13:49:32.299] [debug] [handle_bpf_event.cpp:409] handle_event
[2026-06-21 13:49:32.299] [debug] [handle_bpf_event.cpp:414] Received event with type 4
[2026-06-21 13:49:32.299] [debug] [handle_bpf_event.cpp:302] handle_perf_event
[2026-06-21 13:49:32.299] [info] [handle_bpf_event.cpp:311] PERF     1236666 otel_malloc_fre  type:PERF_TYPE_UPROBE ret:10

[2026-06-21 13:49:32.299] [debug] [handle_bpf_event.cpp:316] Handling perf event creating with perf type 9
[2026-06-21 13:49:32.299] [debug] [handle_bpf_event.cpp:325] retprobe false
[2026-06-21 13:49:32.299] [debug] [handle_bpf_event.cpp:333] Creating uprobe name /lib/x86_64-linux-gnu/libc.so.6 offset 712016 ref_ctr_off 0 attr->config=0
[2026-06-21 13:49:32.299] [debug] [bpftime_driver.cpp:25] find minimal unused id 1
[2026-06-21 13:49:32.299] [debug] [bpftime_shm_internal.cpp:212] Set fd 1 to uprobe, pid=-1, name=/lib/x86_64-linux-gnu/libc.so.6, offset=712016
[2026-06-21 13:49:32.299] [info] [perf_event_handler.cpp:177] Created uprobe/uretprobe perf event handler, module name /lib/x86_64-linux-gnu/libc.so.6, offset add50
[2026-06-21 13:49:32.299] [debug] [handler_manager.cpp:71] Handler at fd 1 set to type 4
[2026-06-21 13:49:32.299] [info] [bpftime_driver.cpp:316] create uprobe 1 for pid 1236666 fd 10
[2026-06-21 13:49:32.299] [debug] [handle_bpf_event.cpp:409] handle_event
[2026-06-21 13:49:32.299] [debug] [handle_bpf_event.cpp:414] Received event with type 2
[2026-06-21 13:49:32.299] [info] [handle_bpf_event.cpp:237] BPF      1236666 otel_malloc_fre  cmd:BPF_LINK_CREATE  ret:11
[2026-06-21 13:49:32.299] [info] [handle_bpf_event.cpp:259]    BPF_LINK_CREATE prog_fd:8 target_fd:10 cookie:true
[2026-06-21 13:49:32.299] [info] [bpftime_driver.cpp:274] bpf 5603 already exists in shm
[2026-06-21 13:49:32.299] [debug] [bpftime_shm_internal.cpp:289] Try attaching prog fd 5603 to perf fd 1, with cookie = true
[2026-06-21 13:49:32.299] [debug] [bpftime_shm_internal.cpp:292] With cookie: 2
[2026-06-21 13:49:32.299] [debug] [handler_manager.cpp:71] Handler at fd 48 set to type 2
[2026-06-21 13:49:32.299] [info] [bpftime_driver.cpp:293] attach perf 1 to bpf 5603, for pid 1236666, cookie true
[2026-06-21 13:49:33.624] [debug] [handle_bpf_event.cpp:409] handle_event
[2026-06-21 13:49:33.624] [debug] [handle_bpf_event.cpp:414] Received event with type 1
[2026-06-21 13:49:33.624] [info] [handle_bpf_event.cpp:218] CLOSE    1236666 otel_malloc_fre  fd:10
[2026-06-21 13:49:33.624] [debug] [handler_manager.cpp:100] Destroying perf event handler 1
[2026-06-21 13:49:33.624] [debug] [handler_manager.cpp:107] Remove link handler with id 48, prog id 5603, due to the removal of perf event 1
[2026-06-21 13:49:33.624] [info] [bpftime_driver.cpp:367] close id 1 for pid 1236666 fd 10
[2026-06-21 13:49:33.712] [debug] [handle_bpf_event.cpp:409] handle_event
[2026-06-21 13:49:33.712] [debug] [handle_bpf_event.cpp:414] Received event with type 1
[2026-06-21 13:49:33.712] [info] [handle_bpf_event.cpp:218] CLOSE    1236666 otel_malloc_fre  fd:3
[2026-06-21 13:49:33.712] [debug] [handler_manager.cpp:100] Destroying perf event handler 0
[2026-06-21 13:49:33.712] [debug] [handler_manager.cpp:107] Remove link handler with id 46, prog id 5603, due to the removal of perf event 0
[2026-06-21 13:49:33.712] [info] [bpftime_driver.cpp:367] close id 0 for pid 1236666 fd 3
