[2026-06-21 11:29:45.158] [info] [bpf_tracer.cpp:215] /a exists
[2026-06-21 11:29:45.158] [info] [bpftime_config.cpp:47] Setting BPFTIME_SHM_MEMORY_MB to: 256
[2026-06-21 11:29:45.211] [info] [bpftime_shm_internal.cpp:852] Global shm constructed. shm_open_type 0 for bpftime_maps_shm_otel_full_1088858
[2026-06-21 11:29:45.211] [info] [bpftime_shm_internal.cpp:44] Global shm initialized
[2026-06-21 11:29:45.211] [info] [bpftime_config.cpp:47] Setting BPFTIME_SHM_MEMORY_MB to: 256
[2026-06-21 11:29:47.220] [info] [handle_bpf_event.cpp:382] IOCTL    1088895 otelcol-ebpf-pr  fd:21 req:-2146950137 data:26601400
[2026-06-21 11:29:47.220] [info] [handle_bpf_event.cpp:382] IOCTL    1088895 otelcol-ebpf-pr  fd:21 req:1074013192 data:67
[2026-06-21 11:29:47.220] [info] [handle_bpf_event.cpp:397] Setting bpf for perf event 21 and bpf 67 (id: 2539)
[2026-06-21 11:29:47.220] [error] [bpftime_driver.cpp:268] perf fd 21 for pid 1088895 not exists
[2026-06-21 11:29:47.220] [error] [bpf_tracer.cpp:286] error polling perf buffer: Operation not permitted
[2026-06-21 11:29:47.220] [info] [handle_bpf_event.cpp:382] IOCTL    1088895 otelcol-ebpf-pr  fd:27 req:-2146950137 data:26601400
[2026-06-21 11:29:47.220] [info] [handle_bpf_event.cpp:382] IOCTL    1088895 otelcol-ebpf-pr  fd:27 req:1074013192 data:67
[2026-06-21 11:29:47.220] [info] [handle_bpf_event.cpp:397] Setting bpf for perf event 27 and bpf 67 (id: 2539)
[2026-06-21 11:29:47.220] [error] [bpftime_driver.cpp:268] perf fd 27 for pid 1088895 not exists
[2026-06-21 11:29:47.220] [error] [bpf_tracer.cpp:286] error polling perf buffer: Operation not permitted
[2026-06-21 11:29:47.220] [info] [handle_bpf_event.cpp:382] IOCTL    1088895 otelcol-ebpf-pr  fd:8 req:-2146950137 data:26601400
[2026-06-21 11:29:47.220] [info] [handle_bpf_event.cpp:382] IOCTL    1088895 otelcol-ebpf-pr  fd:8 req:1074013192 data:67
[2026-06-21 11:29:47.220] [info] [handle_bpf_event.cpp:397] Setting bpf for perf event 8 and bpf 67 (id: 2539)
[2026-06-21 11:29:47.220] [error] [bpftime_driver.cpp:268] perf fd 8 for pid 1088895 not exists
[2026-06-21 11:29:47.220] [error] [bpf_tracer.cpp:286] error polling perf buffer: Operation not permitted
[2026-06-21 11:29:47.220] [info] [handle_bpf_event.cpp:382] IOCTL    1088895 otelcol-ebpf-pr  fd:9 req:-2146950137 data:26601400
[2026-06-21 11:29:47.220] [info] [handle_bpf_event.cpp:382] IOCTL    1088895 otelcol-ebpf-pr  fd:9 req:1074013192 data:67
[2026-06-21 11:29:47.220] [info] [handle_bpf_event.cpp:397] Setting bpf for perf event 9 and bpf 67 (id: 2539)
[2026-06-21 11:29:47.220] [error] [bpftime_driver.cpp:268] perf fd 9 for pid 1088895 not exists
[2026-06-21 11:29:47.220] [error] [bpf_tracer.cpp:286] error polling perf buffer: Operation not permitted
[2026-06-21 11:29:47.220] [info] [handle_bpf_event.cpp:382] IOCTL    1088895 otelcol-ebpf-pr  fd:10 req:-2146950137 data:26601400
[2026-06-21 11:29:47.220] [info] [handle_bpf_event.cpp:382] IOCTL    1088895 otelcol-ebpf-pr  fd:10 req:1074013192 data:67
[2026-06-21 11:29:47.220] [info] [handle_bpf_event.cpp:397] Setting bpf for perf event 10 and bpf 67 (id: 2539)
[2026-06-21 11:29:47.220] [error] [bpftime_driver.cpp:268] perf fd 10 for pid 1088895 not exists
[2026-06-21 11:29:47.220] [error] [bpf_tracer.cpp:286] error polling perf buffer: Operation not permitted
[2026-06-21 11:29:47.236] [info] [handle_bpf_event.cpp:311] PERF     1088895 otelcol-ebpf-pr  type:PERF_TYPE_UPROBE ret:100

[2026-06-21 11:29:47.236] [info] [perf_event_handler.cpp:177] Created uprobe/uretprobe perf event handler, module name /lib/x86_64-linux-gnu/libc.so.6, offset ad670
[2026-06-21 11:29:47.236] [info] [bpftime_driver.cpp:315] create uprobe 0 for pid 1088895 fd 100
[2026-06-21 11:29:47.236] [info] [handle_bpf_event.cpp:237] BPF      1088895 otelcol-ebpf-pr  cmd:BPF_LINK_CREATE  ret:101
[2026-06-21 11:29:47.236] [info] [handle_bpf_event.cpp:259]    BPF_LINK_CREATE prog_fd:80 target_fd:100 cookie:true
[2026-06-21 11:29:47.236] [info] [bpftime_driver.cpp:192] create prog 2552, fd 46 in shm success
[2026-06-21 11:29:47.236] [info] [bpftime_driver.cpp:129] find 11 related maps for prog fd 46
[2026-06-21 11:29:47.236] [info] [bpftime_driver.cpp:243] create map in kernel id 731
[2026-06-21 11:29:47.236] [info] [bpftime_driver.cpp:243] create map in kernel id 730
[2026-06-21 11:29:47.236] [info] [bpftime_driver.cpp:243] create map in kernel id 777
[2026-06-21 11:29:47.236] [info] [bpftime_driver.cpp:243] create map in kernel id 773
[2026-06-21 11:29:47.236] [error] [map_handler.cpp:1129] [map_init] Unsupported map type: 1003
[2026-06-21 11:29:47.236] [info] [bpftime_driver.cpp:243] create map in kernel id 780
[2026-06-21 11:29:47.236] [error] [map_handler.cpp:1129] [map_init] Unsupported map type: 1011
[2026-06-21 11:29:47.236] [info] [bpftime_driver.cpp:243] create map in kernel id 756
[2026-06-21 11:29:47.236] [error] [map_handler.cpp:1129] [map_init] Unsupported map type: 1009
[2026-06-21 11:29:47.236] [info] [bpftime_driver.cpp:243] create map in kernel id 768
[2026-06-21 11:29:47.236] [info] [bpftime_driver.cpp:243] create map in kernel id 774
[2026-06-21 11:29:47.236] [info] [bpftime_driver.cpp:243] create map in kernel id 781
[2026-06-21 11:29:47.236] [info] [bpftime_driver.cpp:243] create map in kernel id 736
[2026-06-21 11:29:47.247] [info] [bpftime_driver.cpp:243] create map in kernel id 739
[2026-06-21 11:29:47.247] [info] [bpftime_driver.cpp:292] attach perf 0 to bpf 2552, for pid 1088895, cookie true
[2026-06-21 11:29:47.247] [info] [handle_bpf_event.cpp:311] PERF     1088895 otelcol-ebpf-pr  type:PERF_TYPE_UPROBE ret:102

[2026-06-21 11:29:47.247] [info] [perf_event_handler.cpp:177] Created uprobe/uretprobe perf event handler, module name /lib/x86_64-linux-gnu/libc.so.6, offset add50
[2026-06-21 11:29:47.247] [info] [bpftime_driver.cpp:315] create uprobe 1 for pid 1088895 fd 102
[2026-06-21 11:29:47.247] [info] [handle_bpf_event.cpp:237] BPF      1088895 otelcol-ebpf-pr  cmd:BPF_LINK_CREATE  ret:103
[2026-06-21 11:29:47.247] [info] [handle_bpf_event.cpp:259]    BPF_LINK_CREATE prog_fd:80 target_fd:102 cookie:true
[2026-06-21 11:29:47.247] [info] [bpftime_driver.cpp:273] bpf 2552 already exists in shm
[2026-06-21 11:29:47.247] [info] [bpftime_driver.cpp:292] attach perf 1 to bpf 2552, for pid 1088895, cookie true
[2026-06-21 11:29:47.247] [info] [handle_bpf_event.cpp:382] IOCTL    1088895 otelcol-ebpf-pr  fd:21 req:9216 data:0
[2026-06-21 11:29:47.247] [info] [handle_bpf_event.cpp:385] Enabling perf event 21
[2026-06-21 11:29:47.247] [warning] [bpftime_driver.cpp:324] Unrecorded uprobe fd: 21 for pid 1088895
[2026-06-21 11:29:47.247] [info] [handle_bpf_event.cpp:382] IOCTL    1088895 otelcol-ebpf-pr  fd:27 req:9216 data:0
[2026-06-21 11:29:47.247] [info] [handle_bpf_event.cpp:385] Enabling perf event 27
[2026-06-21 11:29:47.247] [warning] [bpftime_driver.cpp:324] Unrecorded uprobe fd: 27 for pid 1088895
[2026-06-21 11:29:47.247] [info] [handle_bpf_event.cpp:382] IOCTL    1088895 otelcol-ebpf-pr  fd:8 req:9216 data:0
[2026-06-21 11:29:47.247] [info] [handle_bpf_event.cpp:385] Enabling perf event 8
[2026-06-21 11:29:47.247] [warning] [bpftime_driver.cpp:324] Unrecorded uprobe fd: 8 for pid 1088895
[2026-06-21 11:29:47.247] [info] [handle_bpf_event.cpp:382] IOCTL    1088895 otelcol-ebpf-pr  fd:9 req:9216 data:0
[2026-06-21 11:29:47.247] [info] [handle_bpf_event.cpp:385] Enabling perf event 9
[2026-06-21 11:29:47.247] [warning] [bpftime_driver.cpp:324] Unrecorded uprobe fd: 9 for pid 1088895
[2026-06-21 11:29:47.247] [info] [handle_bpf_event.cpp:382] IOCTL    1088895 otelcol-ebpf-pr  fd:10 req:9216 data:0
[2026-06-21 11:29:47.247] [info] [handle_bpf_event.cpp:385] Enabling perf event 10
[2026-06-21 11:29:47.247] [warning] [bpftime_driver.cpp:324] Unrecorded uprobe fd: 10 for pid 1088895
[2026-06-21 11:29:47.247] [info] [handle_bpf_event.cpp:237] BPF      1088895 otelcol-ebpf-pr  cmd:BPF_LINK_CREATE  ret:105
[2026-06-21 11:29:47.247] [info] [handle_bpf_event.cpp:259]    BPF_LINK_CREATE prog_fd:66 target_fd:104 cookie:true
[2026-06-21 11:29:47.247] [error] [bpftime_driver.cpp:268] perf fd 104 for pid 1088895 not exists
[2026-06-21 11:29:47.247] [warning] [handle_bpf_event.cpp:267] Unable to attach perf 104 to bpf prog 66, err=-1
[2026-06-21 11:30:02.812] [info] [handle_bpf_event.cpp:382] IOCTL    1088895 otelcol-ebpf-pr  fd:21 req:9217 data:0
[2026-06-21 11:30:02.812] [info] [handle_bpf_event.cpp:391] Disabling perf event 21
[2026-06-21 11:30:02.812] [error] [bpftime_driver.cpp:343] fd 21 for pid 1088895 not exists
[2026-06-21 11:30:02.812] [error] [bpf_tracer.cpp:286] error polling perf buffer: Operation not permitted
[2026-06-21 11:30:02.812] [info] [handle_bpf_event.cpp:382] IOCTL    1088895 otelcol-ebpf-pr  fd:27 req:9217 data:0
[2026-06-21 11:30:02.812] [info] [handle_bpf_event.cpp:391] Disabling perf event 27
[2026-06-21 11:30:02.812] [error] [bpftime_driver.cpp:343] fd 27 for pid 1088895 not exists
[2026-06-21 11:30:02.812] [error] [bpf_tracer.cpp:286] error polling perf buffer: Operation not permitted
[2026-06-21 11:30:02.813] [info] [handle_bpf_event.cpp:382] IOCTL    1088895 otelcol-ebpf-pr  fd:8 req:9217 data:0
[2026-06-21 11:30:02.813] [info] [handle_bpf_event.cpp:391] Disabling perf event 8
[2026-06-21 11:30:02.813] [error] [bpftime_driver.cpp:343] fd 8 for pid 1088895 not exists
[2026-06-21 11:30:02.813] [error] [bpf_tracer.cpp:286] error polling perf buffer: Operation not permitted
[2026-06-21 11:30:02.813] [info] [handle_bpf_event.cpp:382] IOCTL    1088895 otelcol-ebpf-pr  fd:9 req:9217 data:0
[2026-06-21 11:30:02.813] [info] [handle_bpf_event.cpp:391] Disabling perf event 9
[2026-06-21 11:30:02.813] [error] [bpftime_driver.cpp:343] fd 9 for pid 1088895 not exists
[2026-06-21 11:30:02.813] [error] [bpf_tracer.cpp:286] error polling perf buffer: Operation not permitted
[2026-06-21 11:30:02.813] [info] [handle_bpf_event.cpp:382] IOCTL    1088895 otelcol-ebpf-pr  fd:10 req:9217 data:0
[2026-06-21 11:30:02.813] [info] [handle_bpf_event.cpp:391] Disabling perf event 10
[2026-06-21 11:30:02.813] [error] [bpftime_driver.cpp:343] fd 10 for pid 1088895 not exists
[2026-06-21 11:30:02.813] [error] [bpf_tracer.cpp:286] error polling perf buffer: Operation not permitted
[2026-06-21 11:30:02.909] [info] [handle_bpf_event.cpp:218] CLOSE    1088895 otelcol-ebpf-pr  fd:100
[2026-06-21 11:30:02.909] [info] [bpftime_driver.cpp:365] close id 0 for pid 1088895 fd 100
[2026-06-21 11:30:03.025] [info] [handle_bpf_event.cpp:218] CLOSE    1088895 otelcol-ebpf-pr  fd:102
[2026-06-21 11:30:03.025] [info] [bpftime_driver.cpp:365] close id 1 for pid 1088895 fd 102
