[2026-06-21 11:47:39.694] [info] [bpf_tracer.cpp:215] /a exists
[2026-06-21 11:47:39.694] [info] [bpftime_config.cpp:47] Setting BPFTIME_SHM_MEMORY_MB to: 256
[2026-06-21 11:47:39.745] [info] [bpftime_shm_internal.cpp:854] Global shm constructed. shm_open_type 0 for bpftime_maps_shm_otel_bench_full_1_1123604
[2026-06-21 11:47:39.745] [info] [bpftime_shm_internal.cpp:44] Global shm initialized
[2026-06-21 11:47:39.745] [info] [bpftime_config.cpp:47] Setting BPFTIME_SHM_MEMORY_MB to: 256
[2026-06-21 11:47:42.410] [info] [handle_bpf_event.cpp:382] IOCTL    1123782 otelcol-ebpf-pr  fd:16 req:-2146950137 data:30451640
[2026-06-21 11:47:42.411] [info] [handle_bpf_event.cpp:382] IOCTL    1123782 otelcol-ebpf-pr  fd:16 req:1074013192 data:67
[2026-06-21 11:47:42.411] [info] [handle_bpf_event.cpp:397] Setting bpf for perf event 16 and bpf 67 (id: 3371)
[2026-06-21 11:47:42.411] [info] [handle_bpf_event.cpp:382] IOCTL    1123782 otelcol-ebpf-pr  fd:8 req:-2146950137 data:30451640
[2026-06-21 11:47:42.411] [info] [handle_bpf_event.cpp:382] IOCTL    1123782 otelcol-ebpf-pr  fd:8 req:1074013192 data:67
[2026-06-21 11:47:42.411] [info] [handle_bpf_event.cpp:397] Setting bpf for perf event 8 and bpf 67 (id: 3371)
[2026-06-21 11:47:42.411] [info] [handle_bpf_event.cpp:382] IOCTL    1123782 otelcol-ebpf-pr  fd:9 req:-2146950137 data:30451640
[2026-06-21 11:47:42.411] [info] [handle_bpf_event.cpp:382] IOCTL    1123782 otelcol-ebpf-pr  fd:9 req:1074013192 data:67
[2026-06-21 11:47:42.411] [info] [handle_bpf_event.cpp:397] Setting bpf for perf event 9 and bpf 67 (id: 3371)
[2026-06-21 11:47:42.411] [info] [handle_bpf_event.cpp:382] IOCTL    1123782 otelcol-ebpf-pr  fd:10 req:-2146950137 data:30451640
[2026-06-21 11:47:42.411] [info] [handle_bpf_event.cpp:382] IOCTL    1123782 otelcol-ebpf-pr  fd:10 req:1074013192 data:67
[2026-06-21 11:47:42.411] [info] [handle_bpf_event.cpp:397] Setting bpf for perf event 10 and bpf 67 (id: 3371)
[2026-06-21 11:47:42.411] [info] [handle_bpf_event.cpp:382] IOCTL    1123782 otelcol-ebpf-pr  fd:23 req:-2146950137 data:30451640
[2026-06-21 11:47:42.411] [info] [handle_bpf_event.cpp:382] IOCTL    1123782 otelcol-ebpf-pr  fd:23 req:1074013192 data:67
[2026-06-21 11:47:42.411] [info] [handle_bpf_event.cpp:397] Setting bpf for perf event 23 and bpf 67 (id: 3371)
[2026-06-21 11:47:42.422] [info] [handle_bpf_event.cpp:311] PERF     1123782 otelcol-ebpf-pr  type:PERF_TYPE_UPROBE ret:100

[2026-06-21 11:47:42.422] [info] [perf_event_handler.cpp:177] Created uprobe/uretprobe perf event handler, module name /lib/x86_64-linux-gnu/libc.so.6, offset ad670
[2026-06-21 11:47:42.422] [info] [bpftime_driver.cpp:316] create uprobe 0 for pid 1123782 fd 100
[2026-06-21 11:47:42.422] [info] [handle_bpf_event.cpp:237] BPF      1123782 otelcol-ebpf-pr  cmd:BPF_LINK_CREATE  ret:101
[2026-06-21 11:47:42.422] [info] [handle_bpf_event.cpp:259]    BPF_LINK_CREATE prog_fd:80 target_fd:100 cookie:true
[2026-06-21 11:47:42.422] [info] [bpftime_driver.cpp:192] create prog 3384, fd 46 in shm success
[2026-06-21 11:47:42.422] [info] [bpftime_driver.cpp:129] find 11 related maps for prog fd 46
[2026-06-21 11:47:42.422] [info] [bpftime_driver.cpp:243] create map in kernel id 2145
[2026-06-21 11:47:42.422] [info] [bpftime_driver.cpp:243] create map in kernel id 2181
[2026-06-21 11:47:42.422] [info] [bpftime_driver.cpp:243] create map in kernel id 2146
[2026-06-21 11:47:42.422] [info] [bpftime_driver.cpp:243] create map in kernel id 2192
[2026-06-21 11:47:42.422] [info] [bpftime_driver.cpp:243] create map in kernel id 2153
[2026-06-21 11:47:42.422] [info] [bpftime_driver.cpp:243] create map in kernel id 2197
[2026-06-21 11:47:42.422] [info] [bpftime_driver.cpp:243] create map in kernel id 2177
[2026-06-21 11:47:42.422] [info] [bpftime_driver.cpp:243] create map in kernel id 2161
[2026-06-21 11:47:42.422] [info] [bpftime_driver.cpp:243] create map in kernel id 2149
[2026-06-21 11:47:42.422] [info] [bpftime_driver.cpp:243] create map in kernel id 2152
[2026-06-21 11:47:42.432] [info] [bpftime_driver.cpp:243] create map in kernel id 2202
[2026-06-21 11:47:42.432] [info] [bpftime_driver.cpp:293] attach perf 0 to bpf 3384, for pid 1123782, cookie true
[2026-06-21 11:47:42.432] [info] [handle_bpf_event.cpp:311] PERF     1123782 otelcol-ebpf-pr  type:PERF_TYPE_UPROBE ret:102

[2026-06-21 11:47:42.432] [info] [perf_event_handler.cpp:177] Created uprobe/uretprobe perf event handler, module name /lib/x86_64-linux-gnu/libc.so.6, offset add50
[2026-06-21 11:47:42.432] [info] [bpftime_driver.cpp:316] create uprobe 1 for pid 1123782 fd 102
[2026-06-21 11:47:42.432] [info] [handle_bpf_event.cpp:237] BPF      1123782 otelcol-ebpf-pr  cmd:BPF_LINK_CREATE  ret:103
[2026-06-21 11:47:42.432] [info] [handle_bpf_event.cpp:259]    BPF_LINK_CREATE prog_fd:80 target_fd:102 cookie:true
[2026-06-21 11:47:42.432] [info] [bpftime_driver.cpp:274] bpf 3384 already exists in shm
[2026-06-21 11:47:42.432] [info] [bpftime_driver.cpp:293] attach perf 1 to bpf 3384, for pid 1123782, cookie true
[2026-06-21 11:47:42.432] [info] [handle_bpf_event.cpp:382] IOCTL    1123782 otelcol-ebpf-pr  fd:16 req:9216 data:0
[2026-06-21 11:47:42.432] [info] [handle_bpf_event.cpp:385] Enabling perf event 16
[2026-06-21 11:47:42.432] [info] [handle_bpf_event.cpp:382] IOCTL    1123782 otelcol-ebpf-pr  fd:8 req:9216 data:0
[2026-06-21 11:47:42.432] [info] [handle_bpf_event.cpp:385] Enabling perf event 8
[2026-06-21 11:47:42.432] [info] [handle_bpf_event.cpp:382] IOCTL    1123782 otelcol-ebpf-pr  fd:9 req:9216 data:0
[2026-06-21 11:47:42.432] [info] [handle_bpf_event.cpp:385] Enabling perf event 9
[2026-06-21 11:47:42.432] [info] [handle_bpf_event.cpp:382] IOCTL    1123782 otelcol-ebpf-pr  fd:10 req:9216 data:0
[2026-06-21 11:47:42.432] [info] [handle_bpf_event.cpp:385] Enabling perf event 10
[2026-06-21 11:47:42.432] [info] [handle_bpf_event.cpp:382] IOCTL    1123782 otelcol-ebpf-pr  fd:23 req:9216 data:0
[2026-06-21 11:47:42.432] [info] [handle_bpf_event.cpp:385] Enabling perf event 23
[2026-06-21 11:47:42.432] [info] [handle_bpf_event.cpp:237] BPF      1123782 otelcol-ebpf-pr  cmd:BPF_LINK_CREATE  ret:105
[2026-06-21 11:47:42.432] [info] [handle_bpf_event.cpp:259]    BPF_LINK_CREATE prog_fd:66 target_fd:104 cookie:true
[2026-06-21 11:47:52.495] [info] [handle_bpf_event.cpp:382] IOCTL    1123782 otelcol-ebpf-pr  fd:16 req:9217 data:0
[2026-06-21 11:47:52.495] [info] [handle_bpf_event.cpp:391] Disabling perf event 16
[2026-06-21 11:47:52.495] [info] [handle_bpf_event.cpp:382] IOCTL    1123782 otelcol-ebpf-pr  fd:8 req:9217 data:0
[2026-06-21 11:47:52.495] [info] [handle_bpf_event.cpp:391] Disabling perf event 8
[2026-06-21 11:47:52.495] [info] [handle_bpf_event.cpp:382] IOCTL    1123782 otelcol-ebpf-pr  fd:9 req:9217 data:0
[2026-06-21 11:47:52.495] [info] [handle_bpf_event.cpp:391] Disabling perf event 9
[2026-06-21 11:47:52.496] [info] [handle_bpf_event.cpp:382] IOCTL    1123782 otelcol-ebpf-pr  fd:10 req:9217 data:0
[2026-06-21 11:47:52.496] [info] [handle_bpf_event.cpp:391] Disabling perf event 10
[2026-06-21 11:47:52.496] [info] [handle_bpf_event.cpp:382] IOCTL    1123782 otelcol-ebpf-pr  fd:23 req:9217 data:0
[2026-06-21 11:47:52.496] [info] [handle_bpf_event.cpp:391] Disabling perf event 23
[2026-06-21 11:47:52.525] [info] [handle_bpf_event.cpp:218] CLOSE    1123782 otelcol-ebpf-pr  fd:100
[2026-06-21 11:47:52.525] [info] [bpftime_driver.cpp:367] close id 0 for pid 1123782 fd 100
[2026-06-21 11:47:52.621] [info] [handle_bpf_event.cpp:218] CLOSE    1123782 otelcol-ebpf-pr  fd:102
[2026-06-21 11:47:52.621] [info] [bpftime_driver.cpp:367] close id 1 for pid 1123782 fd 102
