[2026-06-21 11:38:17.244] [info] [bpf_tracer.cpp:215] /a exists
[2026-06-21 11:38:17.244] [info] [bpftime_config.cpp:47] Setting BPFTIME_SHM_MEMORY_MB to: 256
[2026-06-21 11:38:17.292] [info] [bpftime_shm_internal.cpp:854] Global shm constructed. shm_open_type 0 for bpftime_maps_shm_otel_full_1101025
[2026-06-21 11:38:17.292] [info] [bpftime_shm_internal.cpp:44] Global shm initialized
[2026-06-21 11:38:17.292] [info] [bpftime_config.cpp:47] Setting BPFTIME_SHM_MEMORY_MB to: 256
[2026-06-21 11:38:19.313] [info] [handle_bpf_event.cpp:382] IOCTL    1101066 otelcol-ebpf-pr  fd:11 req:-2146950137 data:26027960
[2026-06-21 11:38:19.313] [info] [handle_bpf_event.cpp:382] IOCTL    1101066 otelcol-ebpf-pr  fd:11 req:1074013192 data:67
[2026-06-21 11:38:19.313] [info] [handle_bpf_event.cpp:397] Setting bpf for perf event 11 and bpf 67 (id: 2849)
[2026-06-21 11:38:19.313] [info] [handle_bpf_event.cpp:382] IOCTL    1101066 otelcol-ebpf-pr  fd:40 req:-2146950137 data:26027960
[2026-06-21 11:38:19.313] [info] [handle_bpf_event.cpp:382] IOCTL    1101066 otelcol-ebpf-pr  fd:40 req:1074013192 data:67
[2026-06-21 11:38:19.313] [info] [handle_bpf_event.cpp:397] Setting bpf for perf event 40 and bpf 67 (id: 2849)
[2026-06-21 11:38:19.313] [info] [handle_bpf_event.cpp:382] IOCTL    1101066 otelcol-ebpf-pr  fd:8 req:-2146950137 data:26027960
[2026-06-21 11:38:19.313] [info] [handle_bpf_event.cpp:382] IOCTL    1101066 otelcol-ebpf-pr  fd:8 req:1074013192 data:67
[2026-06-21 11:38:19.313] [info] [handle_bpf_event.cpp:397] Setting bpf for perf event 8 and bpf 67 (id: 2849)
[2026-06-21 11:38:19.313] [info] [handle_bpf_event.cpp:382] IOCTL    1101066 otelcol-ebpf-pr  fd:9 req:-2146950137 data:26027960
[2026-06-21 11:38:19.313] [info] [handle_bpf_event.cpp:382] IOCTL    1101066 otelcol-ebpf-pr  fd:9 req:1074013192 data:67
[2026-06-21 11:38:19.313] [info] [handle_bpf_event.cpp:397] Setting bpf for perf event 9 and bpf 67 (id: 2849)
[2026-06-21 11:38:19.313] [info] [handle_bpf_event.cpp:382] IOCTL    1101066 otelcol-ebpf-pr  fd:10 req:-2146950137 data:26027960
[2026-06-21 11:38:19.313] [info] [handle_bpf_event.cpp:382] IOCTL    1101066 otelcol-ebpf-pr  fd:10 req:1074013192 data:67
[2026-06-21 11:38:19.313] [info] [handle_bpf_event.cpp:397] Setting bpf for perf event 10 and bpf 67 (id: 2849)
[2026-06-21 11:38:19.330] [info] [handle_bpf_event.cpp:311] PERF     1101066 otelcol-ebpf-pr  type:PERF_TYPE_UPROBE ret:100

[2026-06-21 11:38:19.330] [info] [perf_event_handler.cpp:177] Created uprobe/uretprobe perf event handler, module name /lib/x86_64-linux-gnu/libc.so.6, offset ad670
[2026-06-21 11:38:19.330] [info] [bpftime_driver.cpp:316] create uprobe 0 for pid 1101066 fd 100
[2026-06-21 11:38:19.330] [info] [handle_bpf_event.cpp:237] BPF      1101066 otelcol-ebpf-pr  cmd:BPF_LINK_CREATE  ret:101
[2026-06-21 11:38:19.330] [info] [handle_bpf_event.cpp:259]    BPF_LINK_CREATE prog_fd:80 target_fd:100 cookie:true
[2026-06-21 11:38:19.330] [info] [bpftime_driver.cpp:192] create prog 2862, fd 46 in shm success
[2026-06-21 11:38:19.330] [info] [bpftime_driver.cpp:129] find 11 related maps for prog fd 46
[2026-06-21 11:38:19.330] [info] [bpftime_driver.cpp:243] create map in kernel id 1574
[2026-06-21 11:38:19.330] [info] [bpftime_driver.cpp:243] create map in kernel id 1548
[2026-06-21 11:38:19.330] [info] [bpftime_driver.cpp:243] create map in kernel id 1545
[2026-06-21 11:38:19.330] [info] [bpftime_driver.cpp:243] create map in kernel id 1572
[2026-06-21 11:38:19.330] [info] [bpftime_driver.cpp:243] create map in kernel id 1589
[2026-06-21 11:38:19.330] [info] [bpftime_driver.cpp:243] create map in kernel id 1555
[2026-06-21 11:38:19.330] [info] [bpftime_driver.cpp:243] create map in kernel id 1579
[2026-06-21 11:38:19.330] [info] [bpftime_driver.cpp:243] create map in kernel id 1551
[2026-06-21 11:38:19.330] [info] [bpftime_driver.cpp:243] create map in kernel id 1547
[2026-06-21 11:38:19.330] [info] [bpftime_driver.cpp:243] create map in kernel id 1581
[2026-06-21 11:38:19.344] [info] [bpftime_driver.cpp:243] create map in kernel id 1576
[2026-06-21 11:38:19.344] [info] [bpftime_driver.cpp:293] attach perf 0 to bpf 2862, for pid 1101066, cookie true
[2026-06-21 11:38:19.344] [info] [handle_bpf_event.cpp:311] PERF     1101066 otelcol-ebpf-pr  type:PERF_TYPE_UPROBE ret:102

[2026-06-21 11:38:19.344] [info] [perf_event_handler.cpp:177] Created uprobe/uretprobe perf event handler, module name /lib/x86_64-linux-gnu/libc.so.6, offset add50
[2026-06-21 11:38:19.344] [info] [bpftime_driver.cpp:316] create uprobe 1 for pid 1101066 fd 102
[2026-06-21 11:38:19.344] [info] [handle_bpf_event.cpp:237] BPF      1101066 otelcol-ebpf-pr  cmd:BPF_LINK_CREATE  ret:103
[2026-06-21 11:38:19.344] [info] [handle_bpf_event.cpp:259]    BPF_LINK_CREATE prog_fd:80 target_fd:102 cookie:true
[2026-06-21 11:38:19.344] [info] [bpftime_driver.cpp:274] bpf 2862 already exists in shm
[2026-06-21 11:38:19.344] [info] [bpftime_driver.cpp:293] attach perf 1 to bpf 2862, for pid 1101066, cookie true
[2026-06-21 11:38:19.344] [info] [handle_bpf_event.cpp:382] IOCTL    1101066 otelcol-ebpf-pr  fd:11 req:9216 data:0
[2026-06-21 11:38:19.344] [info] [handle_bpf_event.cpp:385] Enabling perf event 11
[2026-06-21 11:38:19.344] [info] [handle_bpf_event.cpp:382] IOCTL    1101066 otelcol-ebpf-pr  fd:40 req:9216 data:0
[2026-06-21 11:38:19.344] [info] [handle_bpf_event.cpp:385] Enabling perf event 40
[2026-06-21 11:38:19.344] [info] [handle_bpf_event.cpp:382] IOCTL    1101066 otelcol-ebpf-pr  fd:8 req:9216 data:0
[2026-06-21 11:38:19.344] [info] [handle_bpf_event.cpp:385] Enabling perf event 8
[2026-06-21 11:38:19.344] [info] [handle_bpf_event.cpp:382] IOCTL    1101066 otelcol-ebpf-pr  fd:9 req:9216 data:0
[2026-06-21 11:38:19.344] [info] [handle_bpf_event.cpp:385] Enabling perf event 9
[2026-06-21 11:38:19.344] [info] [handle_bpf_event.cpp:382] IOCTL    1101066 otelcol-ebpf-pr  fd:10 req:9216 data:0
[2026-06-21 11:38:19.344] [info] [handle_bpf_event.cpp:385] Enabling perf event 10
[2026-06-21 11:38:19.344] [info] [handle_bpf_event.cpp:237] BPF      1101066 otelcol-ebpf-pr  cmd:BPF_LINK_CREATE  ret:105
[2026-06-21 11:38:19.344] [info] [handle_bpf_event.cpp:259]    BPF_LINK_CREATE prog_fd:66 target_fd:104 cookie:true
[2026-06-21 11:38:34.884] [info] [handle_bpf_event.cpp:382] IOCTL    1101066 otelcol-ebpf-pr  fd:11 req:9217 data:0
[2026-06-21 11:38:34.884] [info] [handle_bpf_event.cpp:391] Disabling perf event 11
[2026-06-21 11:38:34.884] [info] [handle_bpf_event.cpp:382] IOCTL    1101066 otelcol-ebpf-pr  fd:40 req:9217 data:0
[2026-06-21 11:38:34.884] [info] [handle_bpf_event.cpp:391] Disabling perf event 40
[2026-06-21 11:38:34.885] [info] [handle_bpf_event.cpp:382] IOCTL    1101066 otelcol-ebpf-pr  fd:8 req:9217 data:0
[2026-06-21 11:38:34.885] [info] [handle_bpf_event.cpp:391] Disabling perf event 8
[2026-06-21 11:38:34.885] [info] [handle_bpf_event.cpp:382] IOCTL    1101066 otelcol-ebpf-pr  fd:9 req:9217 data:0
[2026-06-21 11:38:34.885] [info] [handle_bpf_event.cpp:391] Disabling perf event 9
[2026-06-21 11:38:34.885] [info] [handle_bpf_event.cpp:382] IOCTL    1101066 otelcol-ebpf-pr  fd:10 req:9217 data:0
[2026-06-21 11:38:34.885] [info] [handle_bpf_event.cpp:391] Disabling perf event 10
[2026-06-21 11:38:34.906] [info] [handle_bpf_event.cpp:218] CLOSE    1101066 otelcol-ebpf-pr  fd:100
[2026-06-21 11:38:34.906] [info] [bpftime_driver.cpp:367] close id 0 for pid 1101066 fd 100
[2026-06-21 11:38:35.000] [info] [handle_bpf_event.cpp:218] CLOSE    1101066 otelcol-ebpf-pr  fd:102
[2026-06-21 11:38:35.000] [info] [bpftime_driver.cpp:367] close id 1 for pid 1101066 fd 102
