[2026-06-21 14:04:41.612] [info] [bpf_tracer.cpp:215] /a exists
[2026-06-21 14:04:41.612] [info] [bpftime_config.cpp:47] Setting BPFTIME_SHM_MEMORY_MB to: 256
[2026-06-21 14:04:41.662] [info] [bpftime_shm_internal.cpp:854] Global shm constructed. shm_open_type 0 for bpftime_maps_shm_otel_bench_full_1_1275097
[2026-06-21 14:04:41.662] [info] [bpftime_shm_internal.cpp:44] Global shm initialized
[2026-06-21 14:04:41.662] [info] [bpftime_config.cpp:47] Setting BPFTIME_SHM_MEMORY_MB to: 256
[2026-06-21 14:04:43.895] [info] [handle_bpf_event.cpp:382] IOCTL    1275266 otelcol-ebpf-pr  fd:30 req:-2146950137 data:25946040
[2026-06-21 14:04:43.895] [info] [handle_bpf_event.cpp:382] IOCTL    1275266 otelcol-ebpf-pr  fd:30 req:1074013192 data:67
[2026-06-21 14:04:43.895] [info] [handle_bpf_event.cpp:397] Setting bpf for perf event 30 and bpf 67 (id: 5938)
[2026-06-21 14:04:43.895] [info] [handle_bpf_event.cpp:382] IOCTL    1275266 otelcol-ebpf-pr  fd:32 req:-2146950137 data:25946040
[2026-06-21 14:04:43.895] [info] [handle_bpf_event.cpp:382] IOCTL    1275266 otelcol-ebpf-pr  fd:32 req:1074013192 data:67
[2026-06-21 14:04:43.895] [info] [handle_bpf_event.cpp:397] Setting bpf for perf event 32 and bpf 67 (id: 5938)
[2026-06-21 14:04:43.895] [info] [handle_bpf_event.cpp:382] IOCTL    1275266 otelcol-ebpf-pr  fd:8 req:-2146950137 data:25946040
[2026-06-21 14:04:43.895] [info] [handle_bpf_event.cpp:382] IOCTL    1275266 otelcol-ebpf-pr  fd:8 req:1074013192 data:67
[2026-06-21 14:04:43.895] [info] [handle_bpf_event.cpp:397] Setting bpf for perf event 8 and bpf 67 (id: 5938)
[2026-06-21 14:04:43.895] [info] [handle_bpf_event.cpp:382] IOCTL    1275266 otelcol-ebpf-pr  fd:9 req:-2146950137 data:25946040
[2026-06-21 14:04:43.895] [info] [handle_bpf_event.cpp:382] IOCTL    1275266 otelcol-ebpf-pr  fd:9 req:1074013192 data:67
[2026-06-21 14:04:43.895] [info] [handle_bpf_event.cpp:397] Setting bpf for perf event 9 and bpf 67 (id: 5938)
[2026-06-21 14:04:43.895] [info] [handle_bpf_event.cpp:382] IOCTL    1275266 otelcol-ebpf-pr  fd:10 req:-2146950137 data:25946040
[2026-06-21 14:04:43.895] [info] [handle_bpf_event.cpp:382] IOCTL    1275266 otelcol-ebpf-pr  fd:10 req:1074013192 data:67
[2026-06-21 14:04:43.895] [info] [handle_bpf_event.cpp:397] Setting bpf for perf event 10 and bpf 67 (id: 5938)
[2026-06-21 14:04:43.903] [info] [handle_bpf_event.cpp:311] PERF     1275266 otelcol-ebpf-pr  type:PERF_TYPE_UPROBE ret:100

[2026-06-21 14:04:43.903] [info] [perf_event_handler.cpp:177] Created uprobe/uretprobe perf event handler, module name /lib/x86_64-linux-gnu/libc.so.6, offset ad670
[2026-06-21 14:04:43.903] [info] [bpftime_driver.cpp:316] create uprobe 0 for pid 1275266 fd 100
[2026-06-21 14:04:43.903] [info] [handle_bpf_event.cpp:237] BPF      1275266 otelcol-ebpf-pr  cmd:BPF_LINK_CREATE  ret:101
[2026-06-21 14:04:43.903] [info] [handle_bpf_event.cpp:259]    BPF_LINK_CREATE prog_fd:80 target_fd:100 cookie:true
[2026-06-21 14:04:43.903] [info] [bpftime_driver.cpp:192] create prog 5951, fd 46 in shm success
[2026-06-21 14:04:43.903] [info] [bpftime_driver.cpp:129] find 11 related maps for prog fd 46
bpftime_daemon: /usr/include/boost/container/vector.hpp:1734: boost::container::vector<T, Allocator, Options>::const_reference boost::container::vector<T, Allocator, Options>::operator[](size_type) const [with T = std::variant<bpftime::unused_handler, bpftime::bpf_map_handler, bpftime::bpf_link_handler, bpftime::bpf_prog_handler, bpftime::bpf_perf_event_handler, bpftime::epoll_handler, bpftime::memfd_handler>; A = boost::interprocess::allocator<std::variant<bpftime::unused_handler, bpftime::bpf_map_handler, bpftime::bpf_link_handler, bpftime::bpf_prog_handler, bpftime::bpf_perf_event_handler, bpftime::epoll_handler, bpftime::memfd_handler>, boost::interprocess::segment_manager<char, boost::interprocess::rbtree_best_fit<boost::interprocess::mutex_family>, boost::interprocess::iset_index> >; Options = void; const_reference = const std::variant<bpftime::unused_handler, bpftime::bpf_map_handler, bpftime::bpf_link_handler, bpftime::bpf_prog_handler, bpftime::bpf_perf_event_handler, bpftime::epoll_handler, bpftime::memfd_handler>&; size_type = long unsigned int]: Assertion `this->m_holder.m_size > n' failed.
