[2026-06-21 14:11:22.371] [info] [bpf_tracer.cpp:215] /a exists
[2026-06-21 14:11:22.372] [info] [bpftime_config.cpp:47] Setting BPFTIME_SHM_MEMORY_MB to: 256
[2026-06-21 14:11:22.372] [info] [bpftime_config.cpp:47] Setting BPFTIME_MAX_FD_COUNT to: 65536
[2026-06-21 14:11:22.431] [info] [bpftime_shm_internal.cpp:854] Global shm constructed. shm_open_type 0 for bpftime_maps_shm_otel_bench_full_3_1278959
[2026-06-21 14:11:22.431] [info] [bpftime_shm_internal.cpp:44] Global shm initialized
[2026-06-21 14:11:22.431] [info] [bpftime_config.cpp:47] Setting BPFTIME_SHM_MEMORY_MB to: 256
[2026-06-21 14:11:22.431] [info] [bpftime_config.cpp:47] Setting BPFTIME_MAX_FD_COUNT to: 65536
[2026-06-21 14:11:24.442] [info] [handle_bpf_event.cpp:382] IOCTL    1281367 otelcol-ebpf-pr  fd:24 req:-2146950137 data:12838840
[2026-06-21 14:11:24.442] [info] [handle_bpf_event.cpp:382] IOCTL    1281367 otelcol-ebpf-pr  fd:24 req:1074013192 data:67
[2026-06-21 14:11:24.442] [info] [handle_bpf_event.cpp:397] Setting bpf for perf event 24 and bpf 67 (id: 6417)
[2026-06-21 14:11:24.442] [info] [handle_bpf_event.cpp:382] IOCTL    1281367 otelcol-ebpf-pr  fd:29 req:-2146950137 data:12838840
[2026-06-21 14:11:24.442] [info] [handle_bpf_event.cpp:382] IOCTL    1281367 otelcol-ebpf-pr  fd:29 req:1074013192 data:67
[2026-06-21 14:11:24.442] [info] [handle_bpf_event.cpp:397] Setting bpf for perf event 29 and bpf 67 (id: 6417)
[2026-06-21 14:11:24.460] [info] [handle_bpf_event.cpp:311] PERF     1281367 otelcol-ebpf-pr  type:PERF_TYPE_UPROBE ret:103

[2026-06-21 14:11:24.460] [info] [perf_event_handler.cpp:177] Created uprobe/uretprobe perf event handler, module name /lib/x86_64-linux-gnu/libc.so.6, offset ad670
[2026-06-21 14:11:24.460] [info] [bpftime_driver.cpp:316] create uprobe 0 for pid 1281367 fd 103
[2026-06-21 14:11:24.460] [info] [handle_bpf_event.cpp:237] BPF      1281367 otelcol-ebpf-pr  cmd:BPF_LINK_CREATE  ret:104
[2026-06-21 14:11:24.460] [info] [handle_bpf_event.cpp:259]    BPF_LINK_CREATE prog_fd:80 target_fd:103 cookie:true
[2026-06-21 14:11:24.460] [info] [bpftime_driver.cpp:192] create prog 6430, fd 46 in shm success
[2026-06-21 14:11:24.460] [info] [bpftime_driver.cpp:129] find 11 related maps for prog fd 46
[2026-06-21 14:11:24.460] [info] [bpftime_driver.cpp:243] create map in kernel id 10843
[2026-06-21 14:11:24.460] [info] [bpftime_driver.cpp:243] create map in kernel id 10842
[2026-06-21 14:11:24.460] [info] [bpftime_driver.cpp:243] create map in kernel id 10835
[2026-06-21 14:11:24.460] [info] [bpftime_driver.cpp:243] create map in kernel id 10847
[2026-06-21 14:11:24.460] [info] [bpftime_driver.cpp:243] create map in kernel id 10837
[2026-06-21 14:11:24.460] [info] [bpftime_driver.cpp:243] create map in kernel id 10823
[2026-06-21 14:11:24.460] [info] [bpftime_driver.cpp:243] create map in kernel id 10859
[2026-06-21 14:11:24.460] [info] [bpftime_driver.cpp:243] create map in kernel id 10855
[2026-06-21 14:11:24.460] [info] [bpftime_driver.cpp:243] create map in kernel id 10848
[2026-06-21 14:11:24.460] [info] [bpftime_driver.cpp:243] create map in kernel id 10824
[2026-06-21 14:11:24.469] [info] [bpftime_driver.cpp:243] create map in kernel id 10832
[2026-06-21 14:11:24.469] [info] [bpftime_driver.cpp:293] attach perf 0 to bpf 6430, for pid 1281367, cookie true
[2026-06-21 14:11:24.469] [info] [handle_bpf_event.cpp:311] PERF     1281367 otelcol-ebpf-pr  type:PERF_TYPE_UPROBE ret:105

[2026-06-21 14:11:24.469] [info] [perf_event_handler.cpp:177] Created uprobe/uretprobe perf event handler, module name /lib/x86_64-linux-gnu/libc.so.6, offset add50
[2026-06-21 14:11:24.469] [info] [bpftime_driver.cpp:316] create uprobe 1 for pid 1281367 fd 105
[2026-06-21 14:11:24.469] [info] [handle_bpf_event.cpp:237] BPF      1281367 otelcol-ebpf-pr  cmd:BPF_LINK_CREATE  ret:106
[2026-06-21 14:11:24.469] [info] [handle_bpf_event.cpp:259]    BPF_LINK_CREATE prog_fd:80 target_fd:105 cookie:true
[2026-06-21 14:11:24.469] [info] [bpftime_driver.cpp:274] bpf 6430 already exists in shm
[2026-06-21 14:11:24.469] [info] [bpftime_driver.cpp:293] attach perf 1 to bpf 6430, for pid 1281367, cookie true
[2026-06-21 14:11:24.469] [info] [handle_bpf_event.cpp:382] IOCTL    1281367 otelcol-ebpf-pr  fd:24 req:9216 data:0
[2026-06-21 14:11:24.469] [info] [handle_bpf_event.cpp:385] Enabling perf event 24
[2026-06-21 14:11:24.469] [info] [handle_bpf_event.cpp:382] IOCTL    1281367 otelcol-ebpf-pr  fd:29 req:9216 data:0
[2026-06-21 14:11:24.469] [info] [handle_bpf_event.cpp:385] Enabling perf event 29
[2026-06-21 14:11:24.469] [info] [handle_bpf_event.cpp:237] BPF      1281367 otelcol-ebpf-pr  cmd:BPF_LINK_CREATE  ret:108
[2026-06-21 14:11:24.469] [info] [handle_bpf_event.cpp:259]    BPF_LINK_CREATE prog_fd:66 target_fd:107 cookie:true
[2026-06-21 14:11:34.949] [info] [handle_bpf_event.cpp:382] IOCTL    1281367 otelcol-ebpf-pr  fd:24 req:9217 data:0
[2026-06-21 14:11:34.949] [info] [handle_bpf_event.cpp:391] Disabling perf event 24
[2026-06-21 14:11:34.949] [info] [handle_bpf_event.cpp:382] IOCTL    1281367 otelcol-ebpf-pr  fd:29 req:9217 data:0
[2026-06-21 14:11:34.949] [info] [handle_bpf_event.cpp:391] Disabling perf event 29
[2026-06-21 14:11:34.976] [info] [handle_bpf_event.cpp:218] CLOSE    1281367 otelcol-ebpf-pr  fd:105
[2026-06-21 14:11:34.977] [info] [bpftime_driver.cpp:367] close id 1 for pid 1281367 fd 105
[2026-06-21 14:11:35.188] [info] [handle_bpf_event.cpp:218] CLOSE    1281367 otelcol-ebpf-pr  fd:103
[2026-06-21 14:11:35.189] [info] [bpftime_driver.cpp:367] close id 0 for pid 1281367 fd 103
