[2026-06-21 16:47:46.401] [info] [bpf_tracer.cpp:215] /a exists
[2026-06-21 16:47:46.401] [info] [bpftime_config.cpp:47] Setting BPFTIME_SHM_MEMORY_MB to: 256
[2026-06-21 16:47:46.401] [info] [bpftime_config.cpp:47] Setting BPFTIME_MAX_FD_COUNT to: 65536
[2026-06-21 16:47:46.457] [info] [bpftime_shm_internal.cpp:854] Global shm constructed. shm_open_type 0 for bpftime_maps_shm_otel_stack_bench_2_1481030
[2026-06-21 16:47:46.457] [info] [bpftime_shm_internal.cpp:44] Global shm initialized
[2026-06-21 16:47:46.457] [info] [bpftime_config.cpp:47] Setting BPFTIME_SHM_MEMORY_MB to: 256
[2026-06-21 16:47:46.457] [info] [bpftime_config.cpp:47] Setting BPFTIME_MAX_FD_COUNT to: 65536
[2026-06-21 16:47:48.485] [info] [handle_bpf_event.cpp:382] IOCTL    1482708 otelcol-ebpf-pr  fd:49 req:-2146950137 data:27576248
[2026-06-21 16:47:48.485] [info] [handle_bpf_event.cpp:382] IOCTL    1482708 otelcol-ebpf-pr  fd:49 req:1074013192 data:67
[2026-06-21 16:47:48.485] [info] [handle_bpf_event.cpp:397] Setting bpf for perf event 49 and bpf 67 (id: 7250)
[2026-06-21 16:47:48.485] [info] [handle_bpf_event.cpp:382] IOCTL    1482708 otelcol-ebpf-pr  fd:51 req:-2146950137 data:27576248
[2026-06-21 16:47:48.485] [info] [handle_bpf_event.cpp:382] IOCTL    1482708 otelcol-ebpf-pr  fd:51 req:1074013192 data:67
[2026-06-21 16:47:48.485] [info] [handle_bpf_event.cpp:397] Setting bpf for perf event 51 and bpf 67 (id: 7250)
[2026-06-21 16:47:48.485] [info] [handle_bpf_event.cpp:382] IOCTL    1482708 otelcol-ebpf-pr  fd:8 req:-2146950137 data:27576248
[2026-06-21 16:47:48.485] [info] [handle_bpf_event.cpp:382] IOCTL    1482708 otelcol-ebpf-pr  fd:8 req:1074013192 data:67
[2026-06-21 16:47:48.485] [info] [handle_bpf_event.cpp:397] Setting bpf for perf event 8 and bpf 67 (id: 7250)
[2026-06-21 16:47:48.485] [info] [handle_bpf_event.cpp:382] IOCTL    1482708 otelcol-ebpf-pr  fd:9 req:-2146950137 data:27576248
[2026-06-21 16:47:48.485] [info] [handle_bpf_event.cpp:382] IOCTL    1482708 otelcol-ebpf-pr  fd:9 req:1074013192 data:67
[2026-06-21 16:47:48.485] [info] [handle_bpf_event.cpp:397] Setting bpf for perf event 9 and bpf 67 (id: 7250)
[2026-06-21 16:47:48.486] [info] [handle_bpf_event.cpp:382] IOCTL    1482708 otelcol-ebpf-pr  fd:10 req:-2146950137 data:27576248
[2026-06-21 16:47:48.486] [info] [handle_bpf_event.cpp:382] IOCTL    1482708 otelcol-ebpf-pr  fd:10 req:1074013192 data:67
[2026-06-21 16:47:48.486] [info] [handle_bpf_event.cpp:397] Setting bpf for perf event 10 and bpf 67 (id: 7250)
[2026-06-21 16:47:48.502] [info] [handle_bpf_event.cpp:311] PERF     1482708 otelcol-ebpf-pr  type:PERF_TYPE_UPROBE ret:100

[2026-06-21 16:47:48.502] [info] [perf_event_handler.cpp:177] Created uprobe/uretprobe perf event handler, module name /lib/x86_64-linux-gnu/libc.so.6, offset ad670
[2026-06-21 16:47:48.502] [info] [bpftime_driver.cpp:316] create uprobe 0 for pid 1482708 fd 100
[2026-06-21 16:47:48.502] [info] [handle_bpf_event.cpp:237] BPF      1482708 otelcol-ebpf-pr  cmd:BPF_LINK_CREATE  ret:101
[2026-06-21 16:47:48.502] [info] [handle_bpf_event.cpp:259]    BPF_LINK_CREATE prog_fd:80 target_fd:100 cookie:true
[2026-06-21 16:47:48.502] [info] [bpftime_driver.cpp:192] create prog 7263, fd 46 in shm success
[2026-06-21 16:47:48.502] [info] [bpftime_driver.cpp:129] find 11 related maps for prog fd 46
[2026-06-21 16:47:48.502] [info] [bpftime_driver.cpp:243] create map in kernel id 15762
[2026-06-21 16:47:48.502] [info] [bpftime_driver.cpp:243] create map in kernel id 15745
[2026-06-21 16:47:48.502] [info] [bpftime_driver.cpp:243] create map in kernel id 15771
[2026-06-21 16:47:48.502] [info] [bpftime_driver.cpp:243] create map in kernel id 15763
[2026-06-21 16:47:48.502] [info] [bpftime_driver.cpp:243] create map in kernel id 15732
[2026-06-21 16:47:48.502] [info] [bpftime_driver.cpp:243] create map in kernel id 15783
[2026-06-21 16:47:48.502] [info] [bpftime_driver.cpp:243] create map in kernel id 15769
[2026-06-21 16:47:48.502] [info] [bpftime_driver.cpp:243] create map in kernel id 15733
[2026-06-21 16:47:48.502] [info] [bpftime_driver.cpp:243] create map in kernel id 15778
[2026-06-21 16:47:48.502] [info] [bpftime_driver.cpp:243] create map in kernel id 15777
[2026-06-21 16:47:48.513] [info] [bpftime_driver.cpp:243] create map in kernel id 15753
[2026-06-21 16:47:48.513] [info] [bpftime_driver.cpp:293] attach perf 0 to bpf 7263, for pid 1482708, cookie true
[2026-06-21 16:47:48.513] [info] [handle_bpf_event.cpp:311] PERF     1482708 otelcol-ebpf-pr  type:PERF_TYPE_UPROBE ret:102

[2026-06-21 16:47:48.513] [info] [perf_event_handler.cpp:177] Created uprobe/uretprobe perf event handler, module name /lib/x86_64-linux-gnu/libc.so.6, offset add50
[2026-06-21 16:47:48.513] [info] [bpftime_driver.cpp:316] create uprobe 1 for pid 1482708 fd 102
[2026-06-21 16:47:48.513] [info] [handle_bpf_event.cpp:237] BPF      1482708 otelcol-ebpf-pr  cmd:BPF_LINK_CREATE  ret:103
[2026-06-21 16:47:48.513] [info] [handle_bpf_event.cpp:259]    BPF_LINK_CREATE prog_fd:80 target_fd:102 cookie:true
[2026-06-21 16:47:48.513] [info] [bpftime_driver.cpp:274] bpf 7263 already exists in shm
[2026-06-21 16:47:48.513] [info] [bpftime_driver.cpp:293] attach perf 1 to bpf 7263, for pid 1482708, cookie true
[2026-06-21 16:47:48.513] [info] [handle_bpf_event.cpp:382] IOCTL    1482708 otelcol-ebpf-pr  fd:49 req:9216 data:0
[2026-06-21 16:47:48.513] [info] [handle_bpf_event.cpp:385] Enabling perf event 49
[2026-06-21 16:47:48.513] [info] [handle_bpf_event.cpp:382] IOCTL    1482708 otelcol-ebpf-pr  fd:51 req:9216 data:0
[2026-06-21 16:47:48.513] [info] [handle_bpf_event.cpp:385] Enabling perf event 51
[2026-06-21 16:47:48.513] [info] [handle_bpf_event.cpp:382] IOCTL    1482708 otelcol-ebpf-pr  fd:8 req:9216 data:0
[2026-06-21 16:47:48.513] [info] [handle_bpf_event.cpp:385] Enabling perf event 8
[2026-06-21 16:47:48.513] [info] [handle_bpf_event.cpp:382] IOCTL    1482708 otelcol-ebpf-pr  fd:9 req:9216 data:0
[2026-06-21 16:47:48.513] [info] [handle_bpf_event.cpp:385] Enabling perf event 9
[2026-06-21 16:47:48.513] [info] [handle_bpf_event.cpp:382] IOCTL    1482708 otelcol-ebpf-pr  fd:10 req:9216 data:0
[2026-06-21 16:47:48.513] [info] [handle_bpf_event.cpp:385] Enabling perf event 10
[2026-06-21 16:47:48.513] [info] [handle_bpf_event.cpp:237] BPF      1482708 otelcol-ebpf-pr  cmd:BPF_LINK_CREATE  ret:105
[2026-06-21 16:47:48.513] [info] [handle_bpf_event.cpp:259]    BPF_LINK_CREATE prog_fd:66 target_fd:104 cookie:true
[2026-06-21 16:48:08.136] [info] [handle_bpf_event.cpp:382] IOCTL    1482708 otelcol-ebpf-pr  fd:49 req:9217 data:0
[2026-06-21 16:48:08.136] [info] [handle_bpf_event.cpp:391] Disabling perf event 49
[2026-06-21 16:48:08.136] [info] [handle_bpf_event.cpp:382] IOCTL    1482708 otelcol-ebpf-pr  fd:51 req:9217 data:0
[2026-06-21 16:48:08.136] [info] [handle_bpf_event.cpp:391] Disabling perf event 51
[2026-06-21 16:48:08.137] [info] [handle_bpf_event.cpp:382] IOCTL    1482708 otelcol-ebpf-pr  fd:8 req:9217 data:0
[2026-06-21 16:48:08.137] [info] [handle_bpf_event.cpp:391] Disabling perf event 8
[2026-06-21 16:48:08.137] [info] [handle_bpf_event.cpp:382] IOCTL    1482708 otelcol-ebpf-pr  fd:9 req:9217 data:0
[2026-06-21 16:48:08.137] [info] [handle_bpf_event.cpp:391] Disabling perf event 9
[2026-06-21 16:48:08.137] [info] [handle_bpf_event.cpp:382] IOCTL    1482708 otelcol-ebpf-pr  fd:10 req:9217 data:0
[2026-06-21 16:48:08.137] [info] [handle_bpf_event.cpp:391] Disabling perf event 10
[2026-06-21 16:48:08.161] [info] [handle_bpf_event.cpp:218] CLOSE    1482708 otelcol-ebpf-pr  fd:100
[2026-06-21 16:48:08.162] [info] [bpftime_driver.cpp:367] close id 0 for pid 1482708 fd 100
[2026-06-21 16:48:08.248] [info] [handle_bpf_event.cpp:218] CLOSE    1482708 otelcol-ebpf-pr  fd:102
[2026-06-21 16:48:08.249] [info] [bpftime_driver.cpp:367] close id 1 for pid 1482708 fd 102
