[2026-06-21 16:48:40.080] [info] [bpf_tracer.cpp:215] /a exists
[2026-06-21 16:48:40.080] [info] [bpftime_config.cpp:47] Setting BPFTIME_SHM_MEMORY_MB to: 256
[2026-06-21 16:48:40.080] [info] [bpftime_config.cpp:47] Setting BPFTIME_MAX_FD_COUNT to: 65536
[2026-06-21 16:48:40.138] [info] [bpftime_shm_internal.cpp:854] Global shm constructed. shm_open_type 0 for bpftime_maps_shm_otel_stack_bench_3_1481030
[2026-06-21 16:48:40.138] [info] [bpftime_shm_internal.cpp:44] Global shm initialized
[2026-06-21 16:48:40.138] [info] [bpftime_config.cpp:47] Setting BPFTIME_SHM_MEMORY_MB to: 256
[2026-06-21 16:48:40.138] [info] [bpftime_config.cpp:47] Setting BPFTIME_MAX_FD_COUNT to: 65536
[2026-06-21 16:48:42.118] [info] [handle_bpf_event.cpp:382] IOCTL    1483872 otelcol-ebpf-pr  fd:24 req:-2146950137 data:25733048
[2026-06-21 16:48:42.118] [info] [handle_bpf_event.cpp:382] IOCTL    1483872 otelcol-ebpf-pr  fd:24 req:1074013192 data:67
[2026-06-21 16:48:42.118] [info] [handle_bpf_event.cpp:397] Setting bpf for perf event 24 and bpf 67 (id: 7330)
[2026-06-21 16:48:42.118] [info] [handle_bpf_event.cpp:382] IOCTL    1483872 otelcol-ebpf-pr  fd:42 req:-2146950137 data:25733048
[2026-06-21 16:48:42.118] [info] [handle_bpf_event.cpp:382] IOCTL    1483872 otelcol-ebpf-pr  fd:42 req:1074013192 data:67
[2026-06-21 16:48:42.118] [info] [handle_bpf_event.cpp:397] Setting bpf for perf event 42 and bpf 67 (id: 7330)
[2026-06-21 16:48:42.119] [info] [handle_bpf_event.cpp:382] IOCTL    1483872 otelcol-ebpf-pr  fd:8 req:-2146950137 data:25733048
[2026-06-21 16:48:42.119] [info] [handle_bpf_event.cpp:382] IOCTL    1483872 otelcol-ebpf-pr  fd:8 req:1074013192 data:67
[2026-06-21 16:48:42.119] [info] [handle_bpf_event.cpp:397] Setting bpf for perf event 8 and bpf 67 (id: 7330)
[2026-06-21 16:48:42.119] [info] [handle_bpf_event.cpp:382] IOCTL    1483872 otelcol-ebpf-pr  fd:9 req:-2146950137 data:25733048
[2026-06-21 16:48:42.119] [info] [handle_bpf_event.cpp:382] IOCTL    1483872 otelcol-ebpf-pr  fd:9 req:1074013192 data:67
[2026-06-21 16:48:42.119] [info] [handle_bpf_event.cpp:397] Setting bpf for perf event 9 and bpf 67 (id: 7330)
[2026-06-21 16:48:42.119] [info] [handle_bpf_event.cpp:382] IOCTL    1483872 otelcol-ebpf-pr  fd:10 req:-2146950137 data:25733048
[2026-06-21 16:48:42.119] [info] [handle_bpf_event.cpp:382] IOCTL    1483872 otelcol-ebpf-pr  fd:10 req:1074013192 data:67
[2026-06-21 16:48:42.119] [info] [handle_bpf_event.cpp:397] Setting bpf for perf event 10 and bpf 67 (id: 7330)
[2026-06-21 16:48:42.128] [info] [handle_bpf_event.cpp:311] PERF     1483872 otelcol-ebpf-pr  type:PERF_TYPE_UPROBE ret:100

[2026-06-21 16:48:42.128] [info] [perf_event_handler.cpp:177] Created uprobe/uretprobe perf event handler, module name /lib/x86_64-linux-gnu/libc.so.6, offset ad670
[2026-06-21 16:48:42.128] [info] [bpftime_driver.cpp:316] create uprobe 0 for pid 1483872 fd 100
[2026-06-21 16:48:42.128] [info] [handle_bpf_event.cpp:237] BPF      1483872 otelcol-ebpf-pr  cmd:BPF_LINK_CREATE  ret:101
[2026-06-21 16:48:42.128] [info] [handle_bpf_event.cpp:259]    BPF_LINK_CREATE prog_fd:80 target_fd:100 cookie:true
[2026-06-21 16:48:42.128] [info] [bpftime_driver.cpp:192] create prog 7343, fd 46 in shm success
[2026-06-21 16:48:42.128] [info] [bpftime_driver.cpp:129] find 11 related maps for prog fd 46
[2026-06-21 16:48:42.128] [info] [bpftime_driver.cpp:243] create map in kernel id 16246
[2026-06-21 16:48:42.128] [info] [bpftime_driver.cpp:243] create map in kernel id 16245
[2026-06-21 16:48:42.128] [info] [bpftime_driver.cpp:243] create map in kernel id 16240
[2026-06-21 16:48:42.128] [info] [bpftime_driver.cpp:243] create map in kernel id 16217
[2026-06-21 16:48:42.128] [info] [bpftime_driver.cpp:243] create map in kernel id 16239
[2026-06-21 16:48:42.128] [info] [bpftime_driver.cpp:243] create map in kernel id 16260
[2026-06-21 16:48:42.128] [info] [bpftime_driver.cpp:243] create map in kernel id 16221
[2026-06-21 16:48:42.128] [info] [bpftime_driver.cpp:243] create map in kernel id 16242
[2026-06-21 16:48:42.128] [info] [bpftime_driver.cpp:243] create map in kernel id 16224
[2026-06-21 16:48:42.128] [info] [bpftime_driver.cpp:243] create map in kernel id 16222
[2026-06-21 16:48:42.137] [info] [bpftime_driver.cpp:243] create map in kernel id 16265
[2026-06-21 16:48:42.137] [info] [bpftime_driver.cpp:293] attach perf 0 to bpf 7343, for pid 1483872, cookie true
[2026-06-21 16:48:42.137] [info] [handle_bpf_event.cpp:311] PERF     1483872 otelcol-ebpf-pr  type:PERF_TYPE_UPROBE ret:102

[2026-06-21 16:48:42.137] [info] [perf_event_handler.cpp:177] Created uprobe/uretprobe perf event handler, module name /lib/x86_64-linux-gnu/libc.so.6, offset add50
[2026-06-21 16:48:42.137] [info] [bpftime_driver.cpp:316] create uprobe 1 for pid 1483872 fd 102
[2026-06-21 16:48:42.137] [info] [handle_bpf_event.cpp:237] BPF      1483872 otelcol-ebpf-pr  cmd:BPF_LINK_CREATE  ret:103
[2026-06-21 16:48:42.137] [info] [handle_bpf_event.cpp:259]    BPF_LINK_CREATE prog_fd:80 target_fd:102 cookie:true
[2026-06-21 16:48:42.137] [info] [bpftime_driver.cpp:274] bpf 7343 already exists in shm
[2026-06-21 16:48:42.137] [info] [bpftime_driver.cpp:293] attach perf 1 to bpf 7343, for pid 1483872, cookie true
[2026-06-21 16:48:42.137] [info] [handle_bpf_event.cpp:382] IOCTL    1483872 otelcol-ebpf-pr  fd:24 req:9216 data:0
[2026-06-21 16:48:42.137] [info] [handle_bpf_event.cpp:385] Enabling perf event 24
[2026-06-21 16:48:42.137] [info] [handle_bpf_event.cpp:382] IOCTL    1483872 otelcol-ebpf-pr  fd:42 req:9216 data:0
[2026-06-21 16:48:42.137] [info] [handle_bpf_event.cpp:385] Enabling perf event 42
[2026-06-21 16:48:42.137] [info] [handle_bpf_event.cpp:382] IOCTL    1483872 otelcol-ebpf-pr  fd:8 req:9216 data:0
[2026-06-21 16:48:42.137] [info] [handle_bpf_event.cpp:385] Enabling perf event 8
[2026-06-21 16:48:42.137] [info] [handle_bpf_event.cpp:382] IOCTL    1483872 otelcol-ebpf-pr  fd:9 req:9216 data:0
[2026-06-21 16:48:42.137] [info] [handle_bpf_event.cpp:385] Enabling perf event 9
[2026-06-21 16:48:42.137] [info] [handle_bpf_event.cpp:382] IOCTL    1483872 otelcol-ebpf-pr  fd:10 req:9216 data:0
[2026-06-21 16:48:42.137] [info] [handle_bpf_event.cpp:385] Enabling perf event 10
[2026-06-21 16:48:42.137] [info] [handle_bpf_event.cpp:237] BPF      1483872 otelcol-ebpf-pr  cmd:BPF_LINK_CREATE  ret:105
[2026-06-21 16:48:42.137] [info] [handle_bpf_event.cpp:259]    BPF_LINK_CREATE prog_fd:66 target_fd:104 cookie:true
[2026-06-21 16:49:02.150] [info] [handle_bpf_event.cpp:382] IOCTL    1483872 otelcol-ebpf-pr  fd:24 req:9217 data:0
[2026-06-21 16:49:02.150] [info] [handle_bpf_event.cpp:391] Disabling perf event 24
[2026-06-21 16:49:02.150] [info] [handle_bpf_event.cpp:382] IOCTL    1483872 otelcol-ebpf-pr  fd:42 req:9217 data:0
[2026-06-21 16:49:02.150] [info] [handle_bpf_event.cpp:391] Disabling perf event 42
[2026-06-21 16:49:02.151] [info] [handle_bpf_event.cpp:382] IOCTL    1483872 otelcol-ebpf-pr  fd:8 req:9217 data:0
[2026-06-21 16:49:02.151] [info] [handle_bpf_event.cpp:391] Disabling perf event 8
[2026-06-21 16:49:02.151] [info] [handle_bpf_event.cpp:382] IOCTL    1483872 otelcol-ebpf-pr  fd:9 req:9217 data:0
[2026-06-21 16:49:02.151] [info] [handle_bpf_event.cpp:391] Disabling perf event 9
[2026-06-21 16:49:02.151] [info] [handle_bpf_event.cpp:382] IOCTL    1483872 otelcol-ebpf-pr  fd:10 req:9217 data:0
[2026-06-21 16:49:02.151] [info] [handle_bpf_event.cpp:391] Disabling perf event 10
[2026-06-21 16:49:02.188] [info] [handle_bpf_event.cpp:218] CLOSE    1483872 otelcol-ebpf-pr  fd:100
[2026-06-21 16:49:02.189] [info] [bpftime_driver.cpp:367] close id 0 for pid 1483872 fd 100
[2026-06-21 16:49:02.280] [info] [handle_bpf_event.cpp:218] CLOSE    1483872 otelcol-ebpf-pr  fd:102
[2026-06-21 16:49:02.281] [info] [bpftime_driver.cpp:367] close id 1 for pid 1483872 fd 102
