[2026-06-21 14:15:34.332] [info] [bpf_tracer.cpp:215] /a exists
[2026-06-21 14:15:34.332] [info] [bpftime_config.cpp:47] Setting BPFTIME_SHM_MEMORY_MB to: 256
[2026-06-21 14:15:34.332] [info] [bpftime_config.cpp:47] Setting BPFTIME_MAX_FD_COUNT to: 65536
[2026-06-21 14:15:34.389] [info] [bpftime_shm_internal.cpp:854] Global shm constructed. shm_open_type 0 for bpftime_maps_shm_otel_bench_full_1_1287695
[2026-06-21 14:15:34.389] [info] [bpftime_shm_internal.cpp:44] Global shm initialized
[2026-06-21 14:15:34.389] [info] [bpftime_config.cpp:47] Setting BPFTIME_SHM_MEMORY_MB to: 256
[2026-06-21 14:15:34.389] [info] [bpftime_config.cpp:47] Setting BPFTIME_MAX_FD_COUNT to: 65536
[2026-06-21 14:15:36.389] [info] [handle_bpf_event.cpp:382] IOCTL    1287857 otelcol-ebpf-pr  fd:44 req:-2146950137 data:26642360
[2026-06-21 14:15:36.389] [info] [handle_bpf_event.cpp:382] IOCTL    1287857 otelcol-ebpf-pr  fd:44 req:1074013192 data:67
[2026-06-21 14:15:36.389] [info] [handle_bpf_event.cpp:397] Setting bpf for perf event 44 and bpf 67 (id: 6657)
[2026-06-21 14:15:36.389] [info] [handle_bpf_event.cpp:382] IOCTL    1287857 otelcol-ebpf-pr  fd:48 req:-2146950137 data:26642360
[2026-06-21 14:15:36.389] [info] [handle_bpf_event.cpp:382] IOCTL    1287857 otelcol-ebpf-pr  fd:48 req:1074013192 data:67
[2026-06-21 14:15:36.389] [info] [handle_bpf_event.cpp:397] Setting bpf for perf event 48 and bpf 67 (id: 6657)
[2026-06-21 14:15:36.390] [info] [handle_bpf_event.cpp:382] IOCTL    1287857 otelcol-ebpf-pr  fd:8 req:-2146950137 data:26642360
[2026-06-21 14:15:36.390] [info] [handle_bpf_event.cpp:382] IOCTL    1287857 otelcol-ebpf-pr  fd:8 req:1074013192 data:67
[2026-06-21 14:15:36.390] [info] [handle_bpf_event.cpp:397] Setting bpf for perf event 8 and bpf 67 (id: 6657)
[2026-06-21 14:15:36.390] [info] [handle_bpf_event.cpp:382] IOCTL    1287857 otelcol-ebpf-pr  fd:9 req:-2146950137 data:26642360
[2026-06-21 14:15:36.390] [info] [handle_bpf_event.cpp:382] IOCTL    1287857 otelcol-ebpf-pr  fd:9 req:1074013192 data:67
[2026-06-21 14:15:36.390] [info] [handle_bpf_event.cpp:397] Setting bpf for perf event 9 and bpf 67 (id: 6657)
[2026-06-21 14:15:36.390] [info] [handle_bpf_event.cpp:382] IOCTL    1287857 otelcol-ebpf-pr  fd:10 req:-2146950137 data:26642360
[2026-06-21 14:15:36.390] [info] [handle_bpf_event.cpp:382] IOCTL    1287857 otelcol-ebpf-pr  fd:10 req:1074013192 data:67
[2026-06-21 14:15:36.390] [info] [handle_bpf_event.cpp:397] Setting bpf for perf event 10 and bpf 67 (id: 6657)
[2026-06-21 14:15:36.402] [info] [handle_bpf_event.cpp:311] PERF     1287857 otelcol-ebpf-pr  type:PERF_TYPE_UPROBE ret:100

[2026-06-21 14:15:36.402] [info] [perf_event_handler.cpp:177] Created uprobe/uretprobe perf event handler, module name /lib/x86_64-linux-gnu/libc.so.6, offset ad670
[2026-06-21 14:15:36.402] [info] [bpftime_driver.cpp:316] create uprobe 0 for pid 1287857 fd 100
[2026-06-21 14:15:36.402] [info] [handle_bpf_event.cpp:237] BPF      1287857 otelcol-ebpf-pr  cmd:BPF_LINK_CREATE  ret:101
[2026-06-21 14:15:36.402] [info] [handle_bpf_event.cpp:259]    BPF_LINK_CREATE prog_fd:80 target_fd:100 cookie:true
[2026-06-21 14:15:36.402] [info] [bpftime_driver.cpp:192] create prog 6670, fd 46 in shm success
[2026-06-21 14:15:36.402] [info] [bpftime_driver.cpp:129] find 11 related maps for prog fd 46
[2026-06-21 14:15:36.402] [info] [bpftime_driver.cpp:243] create map in kernel id 12361
[2026-06-21 14:15:36.402] [info] [bpftime_driver.cpp:243] create map in kernel id 12375
[2026-06-21 14:15:36.402] [info] [bpftime_driver.cpp:243] create map in kernel id 12371
[2026-06-21 14:15:36.402] [info] [bpftime_driver.cpp:243] create map in kernel id 12374
[2026-06-21 14:15:36.402] [info] [bpftime_driver.cpp:243] create map in kernel id 12409
[2026-06-21 14:15:36.402] [info] [bpftime_driver.cpp:243] create map in kernel id 12378
[2026-06-21 14:15:36.402] [info] [bpftime_driver.cpp:243] create map in kernel id 12414
[2026-06-21 14:15:36.402] [info] [bpftime_driver.cpp:243] create map in kernel id 12403
[2026-06-21 14:15:36.402] [info] [bpftime_driver.cpp:243] create map in kernel id 12393
[2026-06-21 14:15:36.402] [info] [bpftime_driver.cpp:243] create map in kernel id 12402
[2026-06-21 14:15:36.415] [info] [bpftime_driver.cpp:243] create map in kernel id 12376
[2026-06-21 14:15:36.415] [info] [bpftime_driver.cpp:293] attach perf 0 to bpf 6670, for pid 1287857, cookie true
[2026-06-21 14:15:36.415] [info] [handle_bpf_event.cpp:311] PERF     1287857 otelcol-ebpf-pr  type:PERF_TYPE_UPROBE ret:102

[2026-06-21 14:15:36.415] [info] [perf_event_handler.cpp:177] Created uprobe/uretprobe perf event handler, module name /lib/x86_64-linux-gnu/libc.so.6, offset add50
[2026-06-21 14:15:36.415] [info] [bpftime_driver.cpp:316] create uprobe 1 for pid 1287857 fd 102
[2026-06-21 14:15:36.415] [info] [handle_bpf_event.cpp:237] BPF      1287857 otelcol-ebpf-pr  cmd:BPF_LINK_CREATE  ret:103
[2026-06-21 14:15:36.415] [info] [handle_bpf_event.cpp:259]    BPF_LINK_CREATE prog_fd:80 target_fd:102 cookie:true
[2026-06-21 14:15:36.415] [info] [bpftime_driver.cpp:274] bpf 6670 already exists in shm
[2026-06-21 14:15:36.415] [info] [bpftime_driver.cpp:293] attach perf 1 to bpf 6670, for pid 1287857, cookie true
[2026-06-21 14:15:36.415] [info] [handle_bpf_event.cpp:382] IOCTL    1287857 otelcol-ebpf-pr  fd:44 req:9216 data:0
[2026-06-21 14:15:36.415] [info] [handle_bpf_event.cpp:385] Enabling perf event 44
[2026-06-21 14:15:36.415] [info] [handle_bpf_event.cpp:382] IOCTL    1287857 otelcol-ebpf-pr  fd:48 req:9216 data:0
[2026-06-21 14:15:36.415] [info] [handle_bpf_event.cpp:385] Enabling perf event 48
[2026-06-21 14:15:36.415] [info] [handle_bpf_event.cpp:382] IOCTL    1287857 otelcol-ebpf-pr  fd:8 req:9216 data:0
[2026-06-21 14:15:36.415] [info] [handle_bpf_event.cpp:385] Enabling perf event 8
[2026-06-21 14:15:36.415] [info] [handle_bpf_event.cpp:382] IOCTL    1287857 otelcol-ebpf-pr  fd:9 req:9216 data:0
[2026-06-21 14:15:36.415] [info] [handle_bpf_event.cpp:385] Enabling perf event 9
[2026-06-21 14:15:36.415] [info] [handle_bpf_event.cpp:382] IOCTL    1287857 otelcol-ebpf-pr  fd:10 req:9216 data:0
[2026-06-21 14:15:36.415] [info] [handle_bpf_event.cpp:385] Enabling perf event 10
[2026-06-21 14:15:36.415] [info] [handle_bpf_event.cpp:237] BPF      1287857 otelcol-ebpf-pr  cmd:BPF_LINK_CREATE  ret:105
[2026-06-21 14:15:36.415] [info] [handle_bpf_event.cpp:259]    BPF_LINK_CREATE prog_fd:66 target_fd:104 cookie:true
[2026-06-21 14:15:43.899] [info] [handle_bpf_event.cpp:382] IOCTL    1287857 otelcol-ebpf-pr  fd:44 req:9217 data:0
[2026-06-21 14:15:43.899] [info] [handle_bpf_event.cpp:391] Disabling perf event 44
[2026-06-21 14:15:43.899] [info] [handle_bpf_event.cpp:382] IOCTL    1287857 otelcol-ebpf-pr  fd:48 req:9217 data:0
[2026-06-21 14:15:43.899] [info] [handle_bpf_event.cpp:391] Disabling perf event 48
[2026-06-21 14:15:43.899] [info] [handle_bpf_event.cpp:382] IOCTL    1287857 otelcol-ebpf-pr  fd:8 req:9217 data:0
[2026-06-21 14:15:43.899] [info] [handle_bpf_event.cpp:391] Disabling perf event 8
[2026-06-21 14:15:43.899] [info] [handle_bpf_event.cpp:382] IOCTL    1287857 otelcol-ebpf-pr  fd:9 req:9217 data:0
[2026-06-21 14:15:43.899] [info] [handle_bpf_event.cpp:391] Disabling perf event 9
[2026-06-21 14:15:43.899] [info] [handle_bpf_event.cpp:382] IOCTL    1287857 otelcol-ebpf-pr  fd:10 req:9217 data:0
[2026-06-21 14:15:43.899] [info] [handle_bpf_event.cpp:391] Disabling perf event 10
[2026-06-21 14:15:43.926] [info] [handle_bpf_event.cpp:218] CLOSE    1287857 otelcol-ebpf-pr  fd:100
[2026-06-21 14:15:43.927] [info] [bpftime_driver.cpp:367] close id 0 for pid 1287857 fd 100
[2026-06-21 14:15:44.045] [info] [handle_bpf_event.cpp:218] CLOSE    1287857 otelcol-ebpf-pr  fd:102
[2026-06-21 14:15:44.046] [info] [bpftime_driver.cpp:367] close id 1 for pid 1287857 fd 102
