2026-06-21T14:15:44.794-0700	info	otelconftelemetry/tracer.go:47	Internal trace telemetry disabled	{"resource": {"service.instance.id": "09277c19-74ee-4c7d-807f-3f2b21748478", "service.name": "otelcol-ebpf-profiler", "service.version": "dev"}}
2026-06-21T14:15:44.795-0700	info	builders/builders.go:28	Development component. May change in the future.	{"resource": {"service.instance.id": "09277c19-74ee-4c7d-807f-3f2b21748478", "service.name": "otelcol-ebpf-profiler", "service.version": "dev"}, "otelcol.component.id": "profiling", "otelcol.component.kind": "receiver", "otelcol.signal": "profiles"}
2026-06-21T14:15:44.798-0700	info	service@v0.154.0/service.go:241	Starting otelcol-ebpf-profiler...	{"resource": {"service.instance.id": "09277c19-74ee-4c7d-807f-3f2b21748478", "service.name": "otelcol-ebpf-profiler", "service.version": "dev"}, "Version": "dev", "NumCPU": 24}
2026-06-21T14:15:44.798-0700	info	extensions/extensions.go:41	Starting extensions...	{"resource": {"service.instance.id": "09277c19-74ee-4c7d-807f-3f2b21748478", "service.name": "otelcol-ebpf-profiler", "service.version": "dev"}}
2026-06-21T14:15:44.798-0700	info	Interpreter tracers: perl,php,python,hotspot,ruby,v8,dotnet,luajit,go,labels,beam	{"resource": {"service.instance.id": "09277c19-74ee-4c7d-807f-3f2b21748478", "service.name": "otelcol-ebpf-profiler", "service.version": "dev"}, "otelcol.component.id": "profiling", "otelcol.component.kind": "receiver", "otelcol.signal": "profiles"}
2026-06-21T14:15:45.005-0700	info	Found offsets: task stack 0x20, pt_regs 0x3f48, tpbase 0x25a8	{"resource": {"service.instance.id": "09277c19-74ee-4c7d-807f-3f2b21748478", "service.name": "otelcol-ebpf-profiler", "service.version": "dev"}, "otelcol.component.id": "profiling", "otelcol.component.kind": "receiver", "otelcol.signal": "profiles"}
2026-06-21T14:15:45.059-0700	info	Skip pinning eBPF map to share OTel span/trace IDs	{"resource": {"service.instance.id": "09277c19-74ee-4c7d-807f-3f2b21748478", "service.name": "otelcol-ebpf-profiler", "service.version": "dev"}, "otelcol.component.id": "profiling", "otelcol.component.kind": "receiver", "otelcol.signal": "profiles"}
2026-06-21T14:15:45.846-0700	info	Supports LPM trie eBPF map batch operations	{"resource": {"service.instance.id": "09277c19-74ee-4c7d-807f-3f2b21748478", "service.name": "otelcol-ebpf-profiler", "service.version": "dev"}, "otelcol.component.id": "profiling", "otelcol.component.kind": "receiver", "otelcol.signal": "profiles"}
2026-06-21T14:15:45.847-0700	info	eBPF tracer loaded	{"resource": {"service.instance.id": "09277c19-74ee-4c7d-807f-3f2b21748478", "service.name": "otelcol-ebpf-profiler", "service.version": "dev"}, "otelcol.component.id": "profiling", "otelcol.component.kind": "receiver", "otelcol.signal": "profiles"}
2026-06-21T14:15:45.849-0700	info	Attached tracer program	{"resource": {"service.instance.id": "09277c19-74ee-4c7d-807f-3f2b21748478", "service.name": "otelcol-ebpf-profiler", "service.version": "dev"}, "otelcol.component.id": "profiling", "otelcol.component.kind": "receiver", "otelcol.signal": "profiles"}
2026-06-21T14:15:45.863-0700	info	Attached probes	{"resource": {"service.instance.id": "09277c19-74ee-4c7d-807f-3f2b21748478", "service.name": "otelcol-ebpf-profiler", "service.version": "dev"}, "otelcol.component.id": "profiling", "otelcol.component.kind": "receiver", "otelcol.signal": "profiles"}
2026-06-21T14:15:45.864-0700	info	Attached sched monitor	{"resource": {"service.instance.id": "09277c19-74ee-4c7d-807f-3f2b21748478", "service.name": "otelcol-ebpf-profiler", "service.version": "dev"}, "otelcol.component.id": "profiling", "otelcol.component.kind": "receiver", "otelcol.signal": "profiles"}
2026-06-21T14:15:45.887-0700	info	service@v0.154.0/service.go:264	Everything is ready. Begin running and processing data.	{"resource": {"service.instance.id": "09277c19-74ee-4c7d-807f-3f2b21748478", "service.name": "otelcol-ebpf-profiler", "service.version": "dev"}}
2026-06-21T14:15:49.799-0700	info	Profiles	{"resource": {"service.instance.id": "09277c19-74ee-4c7d-807f-3f2b21748478", "service.name": "otelcol-ebpf-profiler", "service.version": "dev"}, "otelcol.component.id": "debug", "otelcol.component.kind": "exporter", "otelcol.signal": "profiles", "resource profiles": 1, "sample records": 1}
2026-06-21T14:15:49.799-0700	info	Mapping #0
    Memory start: 0
    Memory limit: 0
    File offset: 0
    File name: 0
    Attributes: []
Mapping #1
    Memory start: 0
    Memory limit: 0
    File offset: 0
    File name: 5
    Attributes: [1 2]
Mapping #2
    Memory start: 0
    Memory limit: 0
    File offset: 0
    File name: 10
    Attributes: [4 5]
Location #0
    Mapping index: 0
    Address: 0
    Attributes: []
Location #1
    Mapping index: 1
    Address: 22447056
    Line #0
        Function index: 1
        Line: 0
        Column: 0
    Attributes: [3]
Location #2
    Mapping index: 2
    Address: 70001
    Line #0
        Function index: 2
        Line: 0
        Column: 0
    Attributes: [3]
Location #3
    Mapping index: 2
    Address: 1605680
    Line #0
        Function index: 3
        Line: 0
        Column: 0
    Attributes: [3]
Location #4
    Mapping index: 2
    Address: 1597709
    Line #0
        Function index: 4
        Line: 0
        Column: 0
    Attributes: [3]
Location #5
    Mapping index: 2
    Address: 1613276
    Line #0
        Function index: 5
        Line: 0
        Column: 0
    Attributes: [3]
Location #6
    Mapping index: 2
    Address: 2035174
    Line #0
        Function index: 6
        Line: 0
        Column: 0
    Attributes: [3]
Location #7
    Mapping index: 2
    Address: 2035354
    Line #0
        Function index: 7
        Line: 0
        Column: 0
    Attributes: [3]
Location #8
    Mapping index: 2
    Address: 2035719
    Line #0
        Function index: 8
        Line: 0
        Column: 0
    Attributes: [3]
Location #9
    Mapping index: 1
    Address: 16090173
    Line #0
        Function index: 9
        Line: 0
        Column: 0
    Attributes: [3]
Location #10
    Mapping index: 1
    Address: 16090372
    Line #0
        Function index: 10
        Line: 0
        Column: 0
    Attributes: [3]
Location #11
    Mapping index: 1
    Address: 16091681
    Line #0
        Function index: 11
        Line: 0
        Column: 0
    Attributes: [3]
Location #12
    Mapping index: 1
    Address: 4411081
    Line #0
        Function index: 12
        Line: 0
        Column: 0
    Attributes: [3]
Location #13
    Mapping index: 1
    Address: 4412409
    Line #0
        Function index: 13
        Line: 0
        Column: 0
    Attributes: [3]
Location #14
    Mapping index: 1
    Address: 4461015
    Line #0
        Function index: 14
        Line: 0
        Column: 0
    Attributes: [3]
Location #15
    Mapping index: 1
    Address: 3573443
    Line #0
        Function index: 15
        Line: 0
        Column: 0
    Attributes: [3]
Location #16
    Mapping index: 1
    Address: 3163321
    Line #0
        Function index: 16
        Line: 0
        Column: 0
    Attributes: [3]
Function #0
    Name: 0
    System name: 0
    Filename: 0
    Start line: 0
Function #1
    Name: 8
    System name: 0
    Filename: 0
    Start line: 0
Function #2
    Name: 11
    System name: 0
    Filename: 0
    Start line: 0
Function #3
    Name: 12
    System name: 0
    Filename: 0
    Start line: 0
Function #4
    Name: 13
    System name: 0
    Filename: 0
    Start line: 0
Function #5
    Name: 14
    System name: 0
    Filename: 0
    Start line: 0
Function #6
    Name: 15
    System name: 0
    Filename: 0
    Start line: 0
Function #7
    Name: 16
    System name: 0
    Filename: 0
    Start line: 0
Function #8
    Name: 17
    System name: 0
    Filename: 0
    Start line: 0
Function #9
    Name: 18
    System name: 0
    Filename: 0
    Start line: 0
Function #10
    Name: 19
    System name: 0
    Filename: 0
    Start line: 0
Function #11
    Name: 20
    System name: 0
    Filename: 0
    Start line: 0
Function #12
    Name: 21
    System name: 0
    Filename: 0
    Start line: 0
Function #13
    Name: 22
    System name: 0
    Filename: 0
    Start line: 0
Function #14
    Name: 23
    System name: 0
    Filename: 0
    Start line: 0
Function #15
    Name: 24
    System name: 0
    Filename: 0
    Start line: 0
Function #16
    Name: 25
    System name: 0
    Filename: 0
    Start line: 0
Attribute table:
     -> Key: Int(28)
     -> Value: Str(2)
     -> unit: Int(0)
Link table:
     -> Trace ID: Str()
     -> Span ID: Str()
String table:
    
    cpu
    nanoseconds
    samples
    count
    vmlinux
    process.executable.build_id.gnu
    process.executable.build_id.htlhash
    _raw_spin_unlock_irqrestore
    profile.frame.type
    i915
    fwtable_read32
    xelpdp_tc_phy_hpd_live_status
    tc_phy_hpd_live_status
    intel_tc_port_connected
    intel_digital_port_connected_locked
    intel_digital_port_connected
    intel_dp_detect
    detect_connector_status
    drm_helper_probe_detect_ctx
    output_poll_execute
    process_one_work
    worker_thread
    kthread
    ret_from_fork
    ret_from_fork_asm
    thread.name
    thread.id
    cpu.logical_number
ResourceProfiles #0
Resource SchemaURL: https://opentelemetry.io/schemas/1.37.0
Resource attributes:
     -> process.pid: Int(1274133)
ScopeProfiles #0
ScopeProfiles SchemaURL: https://opentelemetry.io/schemas/1.37.0
InstrumentationScope go.opentelemetry.io/ebpf-profiler v0.0.0
Profile #0
    Profile ID     : 
    Start time     : 2026-06-21 21:15:44.798447157 +0000 UTC
    DurationNano   : 5000582499
    Dropped attributes count: 0
    Sample #0
        Values: []
        Attributes:
             -> thread.name: kworker/2:1
             -> thread.id: %!s(int64=1274133)
             -> cpu.logical_number: %!s(int64=2)
	{"resource": {"service.instance.id": "09277c19-74ee-4c7d-807f-3f2b21748478", "service.name": "otelcol-ebpf-profiler", "service.version": "dev"}, "otelcol.component.id": "debug", "otelcol.component.kind": "exporter", "otelcol.signal": "profiles"}
2026-06-21T14:15:52.851-0700	info	otelcol@v0.154.0/collector.go:391	Received signal from OS	{"resource": {"service.instance.id": "09277c19-74ee-4c7d-807f-3f2b21748478", "service.name": "otelcol-ebpf-profiler", "service.version": "dev"}, "signal": "terminated"}
2026-06-21T14:15:52.851-0700	info	service@v0.154.0/service.go:278	Starting shutdown...	{"resource": {"service.instance.id": "09277c19-74ee-4c7d-807f-3f2b21748478", "service.name": "otelcol-ebpf-profiler", "service.version": "dev"}}
2026-06-21T14:15:52.851-0700	info	Stop processing ...	{"resource": {"service.instance.id": "09277c19-74ee-4c7d-807f-3f2b21748478", "service.name": "otelcol-ebpf-profiler", "service.version": "dev"}, "otelcol.component.id": "profiling", "otelcol.component.kind": "receiver", "otelcol.signal": "profiles"}
2026-06-21T14:15:53.190-0700	info	extensions/extensions.go:69	Stopping extensions...	{"resource": {"service.instance.id": "09277c19-74ee-4c7d-807f-3f2b21748478", "service.name": "otelcol-ebpf-profiler", "service.version": "dev"}}
2026-06-21T14:15:53.190-0700	info	service@v0.154.0/service.go:292	Shutdown complete.	{"resource": {"service.instance.id": "09277c19-74ee-4c7d-807f-3f2b21748478", "service.name": "otelcol-ebpf-profiler", "service.version": "dev"}}
